Component: ARM Compiler 6.14 Tool: armlink [5db06800]

==============================================================================

Section Cross References

    startup_stm32h750xx.o(STACK) refers (Special) to heapauxi.o(.text) for __use_two_region_memory
    startup_stm32h750xx.o(HEAP) refers (Special) to heapauxi.o(.text) for __use_two_region_memory
    startup_stm32h750xx.o(RESET) refers (Special) to heapauxi.o(.text) for __use_two_region_memory
    startup_stm32h750xx.o(RESET) refers to startup_stm32h750xx.o(STACK) for __initial_sp
    startup_stm32h750xx.o(RESET) refers to startup_stm32h750xx.o(.text) for Reset_Handler
    startup_stm32h750xx.o(RESET) refers to stm32h7xx_it.o(.text.NMI_Handler) for NMI_Handler
    startup_stm32h750xx.o(RESET) refers to stm32h7xx_it.o(.text.HardFault_Handler) for HardFault_Handler
    startup_stm32h750xx.o(RESET) refers to stm32h7xx_it.o(.text.MemManage_Handler) for MemManage_Handler
    startup_stm32h750xx.o(RESET) refers to stm32h7xx_it.o(.text.BusFault_Handler) for BusFault_Handler
    startup_stm32h750xx.o(RESET) refers to stm32h7xx_it.o(.text.UsageFault_Handler) for UsageFault_Handler
    startup_stm32h750xx.o(RESET) refers to port.o(.text.SVC_Handler) for SVC_Handler
    startup_stm32h750xx.o(RESET) refers to stm32h7xx_it.o(.text.DebugMon_Handler) for DebugMon_Handler
    startup_stm32h750xx.o(RESET) refers to port.o(.text.PendSV_Handler) for PendSV_Handler
    startup_stm32h750xx.o(RESET) refers to cmsis_os2.o(.text.SysTick_Handler) for SysTick_Handler
    startup_stm32h750xx.o(RESET) refers to stm32h7xx_it.o(.text.TIM17_IRQHandler) for TIM17_IRQHandler
    startup_stm32h750xx.o(.text) refers (Special) to heapauxi.o(.text) for __use_two_region_memory
    startup_stm32h750xx.o(.text) refers to system_stm32h7xx.o(.text.SystemInit) for SystemInit
    startup_stm32h750xx.o(.text) refers to __main.o(!!!main) for __main
    startup_stm32h750xx.o(.text) refers to startup_stm32h750xx.o(HEAP) for Heap_Mem
    startup_stm32h750xx.o(.text) refers to startup_stm32h750xx.o(STACK) for Stack_Mem
    main.o(.text.main) refers to stm32h7xx_hal.o(.text.HAL_Init) for HAL_Init
    main.o(.text.main) refers to main.o(.text.SystemClock_Config) for SystemClock_Config
    main.o(.text.main) refers to main.o(.text.PeriphCommonClock_Config) for PeriphCommonClock_Config
    main.o(.text.main) refers to gpio.o(.text.MX_GPIO_Init) for MX_GPIO_Init
    main.o(.text.main) refers to eth.o(.text.MX_ETH_Init) for MX_ETH_Init
    main.o(.text.main) refers to fmc.o(.text.MX_FMC_Init) for MX_FMC_Init
    main.o(.text.main) refers to i2c.o(.text.MX_I2C4_Init) for MX_I2C4_Init
    main.o(.text.main) refers to quadspi.o(.text.MX_QUADSPI_Init) for MX_QUADSPI_Init
    main.o(.text.main) refers to sdmmc.o(.text.MX_SDMMC1_SD_Init) for MX_SDMMC1_SD_Init
    main.o(.text.main) refers to spi.o(.text.MX_SPI1_Init) for MX_SPI1_Init
    main.o(.text.main) refers to usart.o(.text.MX_USART1_UART_Init) for MX_USART1_UART_Init
    main.o(.text.main) refers to usart.o(.text.MX_USART2_UART_Init) for MX_USART2_UART_Init
    main.o(.text.main) refers to usart.o(.text.MX_USART6_UART_Init) for MX_USART6_UART_Init
    main.o(.text.main) refers to usb_otg.o(.text.MX_USB_OTG_HS_USB_Init) for MX_USB_OTG_HS_USB_Init
    main.o(.text.main) refers to cmsis_os2.o(.text.osKernelInitialize) for osKernelInitialize
    main.o(.text.main) refers to freertos.o(.text.MX_FREERTOS_Init) for MX_FREERTOS_Init
    main.o(.text.main) refers to cmsis_os2.o(.text.osKernelStart) for osKernelStart
    main.o(.ARM.exidx.text.main) refers to main.o(.text.main) for [Anonymous Symbol]
    main.o(.text.SystemClock_Config) refers to rt_memclr_w.o(.text) for __aeabi_memclr4
    main.o(.text.SystemClock_Config) refers to stm32h7xx_hal_pwr_ex.o(.text.HAL_PWREx_ConfigSupply) for HAL_PWREx_ConfigSupply
    main.o(.text.SystemClock_Config) refers to stm32h7xx_hal_rcc.o(.text.HAL_RCC_OscConfig) for HAL_RCC_OscConfig
    main.o(.text.SystemClock_Config) refers to stm32h7xx_hal_rcc.o(.text.HAL_RCC_ClockConfig) for HAL_RCC_ClockConfig
    main.o(.ARM.exidx.text.SystemClock_Config) refers to main.o(.text.SystemClock_Config) for [Anonymous Symbol]
    main.o(.text.PeriphCommonClock_Config) refers to rt_memclr_w.o(.text) for __aeabi_memclr8
    main.o(.text.PeriphCommonClock_Config) refers to stm32h7xx_hal_rcc_ex.o(.text.HAL_RCCEx_PeriphCLKConfig) for HAL_RCCEx_PeriphCLKConfig
    main.o(.ARM.exidx.text.PeriphCommonClock_Config) refers to main.o(.text.PeriphCommonClock_Config) for [Anonymous Symbol]
    main.o(.ARM.exidx.text.Error_Handler) refers to main.o(.text.Error_Handler) for [Anonymous Symbol]
    main.o(.text.HAL_TIM_PeriodElapsedCallback) refers to stm32h7xx_hal.o(.text.HAL_IncTick) for HAL_IncTick
    main.o(.ARM.exidx.text.HAL_TIM_PeriodElapsedCallback) refers to main.o(.text.HAL_TIM_PeriodElapsedCallback) for [Anonymous Symbol]
    gpio.o(.text.MX_GPIO_Init) refers to stm32h7xx_hal_gpio.o(.text.HAL_GPIO_Init) for HAL_GPIO_Init
[...]
    __rt_lib_init_cpp_1                      0x08000313   Thumb Code     0  libinit2.o(.ARM.Collect$$libinit$$00000032)
    __rt_lib_init_exceptions_1               0x08000313   Thumb Code     0  libinit2.o(.ARM.Collect$$libinit$$00000030)
    __rt_lib_init_fp_trap_1                  0x08000313   Thumb Code     0  libinit2.o(.ARM.Collect$$libinit$$0000001F)
    __rt_lib_init_getenv_1                   0x08000313   Thumb Code     0  libinit2.o(.ARM.Collect$$libinit$$00000023)
    __rt_lib_init_heap_1                     0x08000313   Thumb Code     0  libinit2.o(.ARM.Collect$$libinit$$0000000A)
    __rt_lib_init_lc_collate_1               0x08000313   Thumb Code     0  libinit2.o(.ARM.Collect$$libinit$$00000011)
    __rt_lib_init_lc_ctype_1                 0x08000313   Thumb Code     0  libinit2.o(.ARM.Collect$$libinit$$00000013)
    __rt_lib_init_lc_monetary_1              0x08000313   Thumb Code     0  libinit2.o(.ARM.Collect$$libinit$$00000015)
    __rt_lib_init_lc_numeric_1               0x08000313   Thumb Code     0  libinit2.o(.ARM.Collect$$libinit$$00000017)
    __rt_lib_init_lc_time_1                  0x08000313   Thumb Code     0  libinit2.o(.ARM.Collect$$libinit$$00000019)
    __rt_lib_init_preinit_1                  0x08000313   Thumb Code     0  libinit2.o(.ARM.Collect$$libinit$$00000004)
    __rt_lib_init_rand_1                     0x08000313   Thumb Code     0  libinit2.o(.ARM.Collect$$libinit$$0000000E)
    __rt_lib_init_return                     0x08000313   Thumb Code     0  libinit2.o(.ARM.Collect$$libinit$$00000033)
    __rt_lib_init_signal_1                   0x08000313   Thumb Code     0  libinit2.o(.ARM.Collect$$libinit$$0000001D)
    __rt_lib_init_stdio_1                    0x08000313   Thumb Code     0  libinit2.o(.ARM.Collect$$libinit$$00000025)
    __rt_lib_init_user_alloc_1               0x08000313   Thumb Code     0  libinit2.o(.ARM.Collect$$libinit$$0000000C)
    __rt_lib_shutdown                        0x08000315   Thumb Code     0  libshutdown.o(.ARM.Collect$$libshutdown$$00000000)
    __rt_lib_shutdown_cpp_1                  0x08000317   Thumb Code     0  libshutdown2.o(.ARM.Collect$$libshutdown$$00000002)
    __rt_lib_shutdown_fp_trap_1              0x08000317   Thumb Code     0  libshutdown2.o(.ARM.Collect$$libshutdown$$00000007)
    __rt_lib_shutdown_heap_1                 0x08000317   Thumb Code     0  libshutdown2.o(.ARM.Collect$$libshutdown$$0000000F)
    __rt_lib_shutdown_return                 0x08000317   Thumb Code     0  libshutdown2.o(.ARM.Collect$$libshutdown$$00000010)
    __rt_lib_shutdown_signal_1               0x08000317   Thumb Code     0  libshutdown2.o(.ARM.Collect$$libshutdown$$0000000A)
    __rt_lib_shutdown_stdio_1                0x08000317   Thumb Code     0  libshutdown2.o(.ARM.Collect$$libshutdown$$00000004)
    __rt_lib_shutdown_user_alloc_1           0x08000317   Thumb Code     0  libshutdown2.o(.ARM.Collect$$libshutdown$$0000000C)
    __rt_entry                               0x08000319   Thumb Code     0  __rtentry.o(.ARM.Collect$$rtentry$$00000000)
    __rt_entry_presh_1                       0x08000319   Thumb Code     0  __rtentry2.o(.ARM.Collect$$rtentry$$00000002)
    __rt_entry_sh                            0x08000319   Thumb Code     0  __rtentry4.o(.ARM.Collect$$rtentry$$00000004)
    __rt_entry_li                            0x0800031f   Thumb Code     0  __rtentry2.o(.ARM.Collect$$rtentry$$0000000A)
    __rt_entry_postsh_1                      0x0800031f   Thumb Code     0  __rtentry2.o(.ARM.Collect$$rtentry$$00000009)
    __rt_entry_main                          0x08000323   Thumb Code     0  __rtentry2.o(.ARM.Collect$$rtentry$$0000000D)
    __rt_entry_postli_1                      0x08000323   Thumb Code     0  __rtentry2.o(.ARM.Collect$$rtentry$$0000000C)
    __rt_exit                                0x0800032b   Thumb Code     0  rtexit.o(.ARM.Collect$$rtexit$$00000000)
    __rt_exit_ls                             0x0800032d   Thumb Code     0  rtexit2.o(.ARM.Collect$$rtexit$$00000003)
    __rt_exit_prels_1                        0x0800032d   Thumb Code     0  rtexit2.o(.ARM.Collect$$rtexit$$00000002)
    __rt_exit_exit                           0x08000331   Thumb Code     0  rtexit2.o(.ARM.Collect$$rtexit$$00000004)
    Reset_Handler                            0x08000339   Thumb Code     8  startup_stm32h750xx.o(.text)
    ADC3_IRQHandler                          0x08000353   Thumb Code     0  startup_stm32h750xx.o(.text)
    ADC_IRQHandler                           0x08000353   Thumb Code     0  startup_stm32h750xx.o(.text)
    BDMA_Channel0_IRQHandler                 0x08000353   Thumb Code     0  startup_stm32h750xx.o(.text)
    BDMA_Channel1_IRQHandler                 0x08000353   Thumb Code     0  startup_stm32h750xx.o(.text)
    BDMA_Channel2_IRQHandler                 0x08000353   Thumb Code     0  startup_stm32h750xx.o(.text)
    BDMA_Channel3_IRQHandler                 0x08000353   Thumb Code     0  startup_stm32h750xx.o(.text)
    BDMA_Channel4_IRQHandler                 0x08000353   Thumb Code     0  startup_stm32h750xx.o(.text)
    BDMA_Channel5_IRQHandler                 0x08000353   Thumb Code     0  startup_stm32h750xx.o(.text)
    BDMA_Channel6_IRQHandler                 0x08000353   Thumb Code     0  startup_stm32h750xx.o(.text)
    BDMA_Channel7_IRQHandler                 0x08000353   Thumb Code     0  startup_stm32h750xx.o(.text)
    CEC_IRQHandler                           0x08000353   Thumb Code     0  startup_stm32h750xx.o(.text)
    COMP1_IRQHandler                         0x08000353   Thumb Code     0  startup_stm32h750xx.o(.text)
    CRS_IRQHandler                           0x08000353   Thumb Code     0  startup_stm32h750xx.o(.text)
    CRYP_IRQHandler                          0x08000353   Thumb Code     0  startup_stm32h750xx.o(.text)
    DCMI_IRQHandler                          0x08000353   Thumb Code     0  startup_stm32h750xx.o(.text)
    DFSDM1_FLT0_IRQHandler                   0x08000353   Thumb Code     0  startup_stm32h750xx.o(.text)
    DFSDM1_FLT1_IRQHandler                   0x08000353   Thumb Code     0  startup_stm32h750xx.o(.text)
    DFSDM1_FLT2_IRQHandler                   0x08000353   Thumb Code     0  startup_stm32h750xx.o(.text)
    DFSDM1_FLT3_IRQHandler                   0x08000353   Thumb Code     0  startup_stm32h750xx.o(.text)
    DMA1_Stream0_IRQHandler                  0x08000353   Thumb Code     0  startup_stm32h750xx.o(.text)
    DMA1_Stream1_IRQHandler                  0x08000353   Thumb Code     0  startup_stm32h750xx.o(.text)
    DMA1_Stream2_IRQHandler                  0x08000353   Thumb Code     0  startup_stm32h750xx.o(.text)
    DMA1_Stream3_IRQHandler                  0x08000353   Thumb Code     0  startup_stm32h750xx.o(.text)
    DMA1_Stream4_IRQHandler                  0x08000353   Thumb Code     0  startup_stm32h750xx.o(.text)
    DMA1_Stream5_IRQHandler                  0x08000353   Thumb Code     0  startup_stm32h750xx.o(.text)
    DMA1_Stream6_IRQHandler                  0x08000353   Thumb Code     0  startup_stm32h750xx.o(.text)
    DMA1_Stream7_IRQHandler                  0x08000353   Thumb Code     0  startup_stm32h750xx.o(.text)
    DMA2D_IRQHandler                         0x08000353   Thumb Code     0  startup_stm32h750xx.o(.text)
    DMA2_Stream0_IRQHandler                  0x08000353   Thumb Code     0  startup_stm32h750xx.o(.text)
    DMA2_Stream1_IRQHandler                  0x08000353   Thumb Code     0  startup_stm32h750xx.o(.text)
    DMA2_Stream2_IRQHandler                  0x08000353   Thumb Code     0  startup_stm32h750xx.o(.text)
    DMA2_Stream3_IRQHandler                  0x08000353   Thumb Code     0  startup_stm32h750xx.o(.text)
    DMA2_Stream4_IRQHandler                  0x08000353   Thumb Code     0  startup_stm32h750xx.o(.text)
    DMA2_Stream5_IRQHandler                  0x08000353   Thumb Code     0  startup_stm32h750xx.o(.text)
    DMA2_Stream6_IRQHandler                  0x08000353   Thumb Code     0  startup_stm32h750xx.o(.text)
    DMA2_Stream7_IRQHandler                  0x08000353   Thumb Code     0  startup_stm32h750xx.o(.text)
    DMAMUX1_OVR_IRQHandler                   0x08000353   Thumb Code     0  startup_stm32h750xx.o(.text)
    DMAMUX2_OVR_IRQHandler                   0x08000353   Thumb Code     0  startup_stm32h750xx.o(.text)
    ECC_IRQHandler                           0x08000353   Thumb Code     0  startup_stm32h750xx.o(.text)
    ETH_IRQHandler                           0x08000353   Thumb Code     0  startup_stm32h750xx.o(.text)
    ETH_WKUP_IRQHandler                      0x08000353   Thumb Code     0  startup_stm32h750xx.o(.text)
    EXTI0_IRQHandler                         0x08000353   Thumb Code     0  startup_stm32h750xx.o(.text)
    EXTI15_10_IRQHandler                     0x08000353   Thumb Code     0  startup_stm32h750xx.o(.text)
    EXTI1_IRQHandler                         0x08000353   Thumb Code     0  startup_stm32h750xx.o(.text)
    EXTI2_IRQHandler                         0x08000353   Thumb Code     0  startup_stm32h750xx.o(.text)
    EXTI3_IRQHandler                         0x08000353   Thumb Code     0  startup_stm32h750xx.o(.text)
    EXTI4_IRQHandler                         0x08000353   Thumb Code     0  startup_stm32h750xx.o(.text)
    EXTI9_5_IRQHandler                       0x08000353   Thumb Code     0  startup_stm32h750xx.o(.text)
    FDCAN1_IT0_IRQHandler                    0x08000353   Thumb Code     0  startup_stm32h750xx.o(.text)
    FDCAN1_IT1_IRQHandler                    0x08000353   Thumb Code     0  startup_stm32h750xx.o(.text)
    FDCAN2_IT0_IRQHandler                    0x08000353   Thumb Code     0  startup_stm32h750xx.o(.text)
    FDCAN2_IT1_IRQHandler                    0x08000353   Thumb Code     0  startup_stm32h750xx.o(.text)
    FDCAN_CAL_IRQHandler                     0x08000353   Thumb Code     0  startup_stm32h750xx.o(.text)
    FLASH_IRQHandler                         0x08000353   Thumb Code     0  startup_stm32h750xx.o(.text)
    FMC_IRQHandler                           0x08000353   Thumb Code     0  startup_stm32h750xx.o(.text)
    FPU_IRQHandler                           0x08000353   Thumb Code     0  startup_stm32h750xx.o(.text)
    HASH_RNG_IRQHandler                      0x08000353   Thumb Code     0  startup_stm32h750xx.o(.text)
    HRTIM1_FLT_IRQHandler                    0x08000353   Thumb Code     0  startup_stm32h750xx.o(.text)
    HRTIM1_Master_IRQHandler                 0x08000353   Thumb Code     0  startup_stm32h750xx.o(.text)
    HRTIM1_TIMA_IRQHandler                   0x08000353   Thumb Code     0  startup_stm32h750xx.o(.text)
    HRTIM1_TIMB_IRQHandler                   0x08000353   Thumb Code     0  startup_stm32h750xx.o(.text)
    HRTIM1_TIMC_IRQHandler                   0x08000353   Thumb Code     0  startup_stm32h750xx.o(.text)
    HRTIM1_TIMD_IRQHandler                   0x08000353   Thumb Code     0  startup_stm32h750xx.o(.text)
    HRTIM1_TIME_IRQHandler                   0x08000353   Thumb Code     0  startup_stm32h750xx.o(.text)
    HSEM1_IRQHandler                         0x08000353   Thumb Code     0  startup_stm32h750xx.o(.text)
    I2C1_ER_IRQHandler                       0x08000353   Thumb Code     0  startup_stm32h750xx.o(.text)
    I2C1_EV_IRQHandler                       0x08000353   Thumb Code     0  startup_stm32h750xx.o(.text)
    I2C2_ER_IRQHandler                       0x08000353   Thumb Code     0  startup_stm32h750xx.o(.text)
    I2C2_EV_IRQHandler                       0x08000353   Thumb Code     0  startup_stm32h750xx.o(.text)
    I2C3_ER_IRQHandler                       0x08000353   Thumb Code     0  startup_stm32h750xx.o(.text)
    I2C3_EV_IRQHandler                       0x08000353   Thumb Code     0  startup_stm32h750xx.o(.text)
    I2C4_ER_IRQHandler                       0x08000353   Thumb Code     0  startup_stm32h750xx.o(.text)
    I2C4_EV_IRQHandler                       0x08000353   Thumb Code     0  startup_stm32h750xx.o(.text)
    JPEG_IRQHandler                          0x08000353   Thumb Code     0  startup_stm32h750xx.o(.text)
    LPTIM1_IRQHandler                        0x08000353   Thumb Code     0  startup_stm32h750xx.o(.text)
    LPTIM2_IRQHandler                        0x08000353   Thumb Code     0  startup_stm32h750xx.o(.text)
    LPTIM3_IRQHandler                        0x08000353   Thumb Code     0  startup_stm32h750xx.o(.text)
    LPTIM4_IRQHandler                        0x08000353   Thumb Code     0  startup_stm32h750xx.o(.text)
    LPTIM5_IRQHandler                        0x08000353   Thumb Code     0  startup_stm32h750xx.o(.text)
    LPUART1_IRQHandler                       0x08000353   Thumb Code     0  startup_stm32h750xx.o(.text)
    LTDC_ER_IRQHandler                       0x08000353   Thumb Code     0  startup_stm32h750xx.o(.text)
    LTDC_IRQHandler                          0x08000353   Thumb Code     0  startup_stm32h750xx.o(.text)
    MDIOS_IRQHandler                         0x08000353   Thumb Code     0  startup_stm32h750xx.o(.text)
    MDIOS_WKUP_IRQHandler                    0x08000353   Thumb Code     0  startup_stm32h750xx.o(.text)
    MDMA_IRQHandler                          0x08000353   Thumb Code     0  startup_stm32h750xx.o(.text)
    OTG_FS_EP1_IN_IRQHandler                 0x08000353   Thumb Code     0  startup_stm32h750xx.o(.text)
    OTG_FS_EP1_OUT_IRQHandler                0x08000353   Thumb Code     0  startup_stm32h750xx.o(.text)
    OTG_FS_IRQHandler                        0x08000353   Thumb Code     0  startup_stm32h750xx.o(.text)
    OTG_FS_WKUP_IRQHandler                   0x08000353   Thumb Code     0  startup_stm32h750xx.o(.text)
    OTG_HS_EP1_IN_IRQHandler                 0x08000353   Thumb Code     0  startup_stm32h750xx.o(.text)
    OTG_HS_EP1_OUT_IRQHandler                0x08000353   Thumb Code     0  startup_stm32h750xx.o(.text)
    OTG_HS_IRQHandler                        0x08000353   Thumb Code     0  startup_stm32h750xx.o(.text)
    OTG_HS_WKUP_IRQHandler                   0x08000353   Thumb Code     0  startup_stm32h750xx.o(.text)
    PVD_AVD_IRQHandler                       0x08000353   Thumb Code     0  startup_stm32h750xx.o(.text)
    QUADSPI_IRQHandler                       0x08000353   Thumb Code     0  startup_stm32h750xx.o(.text)
    RCC_IRQHandler                           0x08000353   Thumb Code     0  startup_stm32h750xx.o(.text)
    RTC_Alarm_IRQHandler                     0x08000353   Thumb Code     0  startup_stm32h750xx.o(.text)
    RTC_WKUP_IRQHandler                      0x08000353   Thumb Code     0  startup_stm32h750xx.o(.text)
    SAI1_IRQHandler                          0x08000353   Thumb Code     0  startup_stm32h750xx.o(.text)
    SAI2_IRQHandler                          0x08000353   Thumb Code     0  startup_stm32h750xx.o(.text)
    SAI3_IRQHandler                          0x08000353   Thumb Code     0  startup_stm32h750xx.o(.text)
    SAI4_IRQHandler                          0x08000353   Thumb Code     0  startup_stm32h750xx.o(.text)
    SDMMC1_IRQHandler                        0x08000353   Thumb Code     0  startup_stm32h750xx.o(.text)
    SDMMC2_IRQHandler                        0x08000353   Thumb Code     0  startup_stm32h750xx.o(.text)
    SPDIF_RX_IRQHandler                      0x08000353   Thumb Code     0  startup_stm32h750xx.o(.text)
    SPI1_IRQHandler                          0x08000353   Thumb Code     0  startup_stm32h750xx.o(.text)
    SPI2_IRQHandler                          0x08000353   Thumb Code     0  startup_stm32h750xx.o(.text)
    SPI3_IRQHandler                          0x08000353   Thumb Code     0  startup_stm32h750xx.o(.text)
    SPI4_IRQHandler                          0x08000353   Thumb Code     0  startup_stm32h750xx.o(.text)
    SPI5_IRQHandler                          0x08000353   Thumb Code     0  startup_stm32h750xx.o(.text)
    SPI6_IRQHandler                          0x08000353   Thumb Code     0  startup_stm32h750xx.o(.text)
    SWPMI1_IRQHandler                        0x08000353   Thumb Code     0  startup_stm32h750xx.o(.text)
    TAMP_STAMP_IRQHandler                    0x08000353   Thumb Code     0  startup_stm32h750xx.o(.text)
    TIM15_IRQHandler                         0x08000353   Thumb Code     0  startup_stm32h750xx.o(.text)
    TIM16_IRQHandler                         0x08000353   Thumb Code     0  startup_stm32h750xx.o(.text)
    TIM1_BRK_IRQHandler                      0x08000353   Thumb Code     0  startup_stm32h750xx.o(.text)
    TIM1_CC_IRQHandler                       0x08000353   Thumb Code     0  startup_stm32h750xx.o(.text)
    TIM1_TRG_COM_IRQHandler                  0x08000353   Thumb Code     0  startup_stm32h750xx.o(.text)
    TIM1_UP_IRQHandler                       0x08000353   Thumb Code     0  startup_stm32h750xx.o(.text)
    TIM2_IRQHandler                          0x08000353   Thumb Code     0  startup_stm32h750xx.o(.text)
    TIM3_IRQHandler                          0x08000353   Thumb Code     0  startup_stm32h750xx.o(.text)
    TIM4_IRQHandler                          0x08000353   Thumb Code     0  startup_stm32h750xx.o(.text)
    TIM5_IRQHandler                          0x08000353   Thumb Code     0  startup_stm32h750xx.o(.text)
    TIM6_DAC_IRQHandler                      0x08000353   Thumb Code     0  startup_stm32h750xx.o(.text)
    TIM7_IRQHandler                          0x08000353   Thumb Code     0  startup_stm32h750xx.o(.text)
    TIM8_BRK_TIM12_IRQHandler                0x08000353   Thumb Code     0  startup_stm32h750xx.o(.text)
    TIM8_CC_IRQHandler                       0x08000353   Thumb Code     0  startup_stm32h750xx.o(.text)
    TIM8_TRG_COM_TIM14_IRQHandler            0x08000353   Thumb Code     0  startup_stm32h750xx.o(.text)
    TIM8_UP_TIM13_IRQHandler                 0x08000353   Thumb Code     0  startup_stm32h750xx.o(.text)
    UART4_IRQHandler                         0x08000353   Thumb Code     0  startup_stm32h750xx.o(.text)
    UART5_IRQHandler                         0x08000353   Thumb Code     0  startup_stm32h750xx.o(.text)
    UART7_IRQHandler                         0x08000353   Thumb Code     0  startup_stm32h750xx.o(.text)
    UART8_IRQHandler                         0x08000353   Thumb Code     0  startup_stm32h750xx.o(.text)
    USART1_IRQHandler                        0x08000353   Thumb Code     0  startup_stm32h750xx.o(.text)
    USART2_IRQHandler                        0x08000353   Thumb Code     0  startup_stm32h750xx.o(.text)
    USART3_IRQHandler                        0x08000353   Thumb Code     0  startup_stm32h750xx.o(.text)
    USART6_IRQHandler                        0x08000353   Thumb Code     0  startup_stm32h750xx.o(.text)
    WAKEUP_PIN_IRQHandler                    0x08000353   Thumb Code     0  startup_stm32h750xx.o(.text)
    WWDG_IRQHandler                          0x08000353   Thumb Code     0  startup_stm32h750xx.o(.text)
    __user_initial_stackheap                 0x08000355   Thumb Code     0  startup_stm32h750xx.o(.text)
    __aeabi_uldivmod                         0x08000379   Thumb Code     0  lludivv7m.o(.text)
    _ll_udiv                                 0x08000379   Thumb Code   240  lludivv7m.o(.text)
    __aeabi_memcpy                           0x08000469   Thumb Code     0  rt_memcpy_v6.o(.text)
    __rt_memcpy                              0x08000469   Thumb Code   138  rt_memcpy_v6.o(.text)
    _memcpy_lastbytes                        0x080004cf   Thumb Code     0  rt_memcpy_v6.o(.text)
    __aeabi_memset4                          0x080004f3   Thumb Code    16  aeabi_memset4.o(.text)
    __aeabi_memset8                          0x080004f3   Thumb Code     0  aeabi_memset4.o(.text)
    __aeabi_memclr4                          0x08000503   Thumb Code     0  rt_memclr_w.o(.text)
    __aeabi_memclr8                          0x08000503   Thumb Code     0  rt_memclr_w.o(.text)
    __rt_memclr_w                            0x08000503   Thumb Code    78  rt_memclr_w.o(.text)
    _memset_w                                0x08000507   Thumb Code     0  rt_memclr_w.o(.text)
    __use_two_region_memory                  0x08000551   Thumb Code     2  heapauxi.o(.text)
    __rt_heap_escrow$2region                 0x08000553   Thumb Code     2  heapauxi.o(.text)
    __rt_heap_expand$2region                 0x08000555   Thumb Code     2  heapauxi.o(.text)
    __aeabi_memcpy4                          0x08000557   Thumb Code     0  rt_memcpy_w.o(.text)
    __aeabi_memcpy8                          0x08000557   Thumb Code     0  rt_memcpy_w.o(.text)
    __rt_memcpy_w                            0x08000557   Thumb Code   100  rt_memcpy_w.o(.text)
    _memcpy_lastbytes_aligned                0x0800059f   Thumb Code     0  rt_memcpy_w.o(.text)
    __user_setup_stackheap                   0x080005bb   Thumb Code    74  sys_stackheap_outer.o(.text)
    exit                                     0x08000605   Thumb Code    18  exit.o(.text)
    __user_libspace                          0x08000619   Thumb Code     8  libspace.o(.text)
    __user_perproc_libspace                  0x08000619   Thumb Code     0  libspace.o(.text)
    __user_perthread_libspace                0x08000619   Thumb Code     0  libspace.o(.text)
    _sys_exit                                0x08000621   Thumb Code     8  sys_exit.o(.text)
    __I$use$semihosting                      0x0800062d   Thumb Code     0  use_no_semi.o(.text)
    __use_no_semihosting_swi                 0x0800062d   Thumb Code     2  use_no_semi.o(.text)
    BusFault_Handler                         0x0800062f   Thumb Code     2  stm32h7xx_it.o(.text.BusFault_Handler)
    __semihosting_library_function           0x0800062f   Thumb Code     0  indicate_semi.o(.text)
    DebugMon_Handler                         0x08000631   Thumb Code     2  stm32h7xx_it.o(.text.DebugMon_Handler)
    Error_Handler                            0x08000825   Thumb Code     8  main.o(.text.Error_Handler)
    FMC_SDRAM_Init                           0x0800082d   Thumb Code   126  stm32h7xx_ll_fmc.o(.text.FMC_SDRAM_Init)
    FMC_SDRAM_Timing_Init                    0x080008ad   Thumb Code   176  stm32h7xx_ll_fmc.o(.text.FMC_SDRAM_Timing_Init)
    HAL_Delay                                0x0800095d   Thumb Code    36  stm32h7xx_hal.o(.text.HAL_Delay)
    HAL_ETH_Init                             0x08000981   Thumb Code   536  stm32h7xx_hal_eth.o(.text.HAL_ETH_Init)
    HAL_ETH_MspInit                          0x08000b99   Thumb Code   236  eth.o(.text.HAL_ETH_MspInit)
    HAL_ETH_SetMDIOClockRange                0x08000c85   Thumb Code   104  stm32h7xx_hal_eth.o(.text.HAL_ETH_SetMDIOClockRange)
    HAL_GPIO_Init                            0x08000ced   Thumb Code   400  stm32h7xx_hal_gpio.o(.text.HAL_GPIO_Init)
    HAL_GetREVID                             0x08000e7d   Thumb Code    12  stm32h7xx_hal.o(.text.HAL_GetREVID)
    HAL_GetTick                              0x08000e89   Thumb Code     8  stm32h7xx_hal.o(.text.HAL_GetTick)
    HAL_I2CEx_ConfigAnalogFilter             0x08000e91   Thumb Code    74  stm32h7xx_hal_i2c_ex.o(.text.HAL_I2CEx_ConfigAnalogFilter)
    HAL_I2CEx_ConfigDigitalFilter            0x08000edb   Thumb Code    72  stm32h7xx_hal_i2c_ex.o(.text.HAL_I2CEx_ConfigDigitalFilter)
    HAL_I2C_Init                             0x08000f25   Thumb Code   176  stm32h7xx_hal_i2c.o(.text.HAL_I2C_Init)
    HAL_I2C_MspInit                          0x08000fd5   Thumb Code   128  i2c.o(.text.HAL_I2C_MspInit)
    HAL_IncTick                              0x08001055   Thumb Code    24  stm32h7xx_hal.o(.text.HAL_IncTick)
    HAL_Init                                 0x0800106d   Thumb Code    84  stm32h7xx_hal.o(.text.HAL_Init)
    HAL_InitTick                             0x080010c1   Thumb Code   136  stm32h7xx_hal_timebase_tim.o(.text.HAL_InitTick)
    HAL_MspInit                              0x08001149   Thumb Code    40  stm32h7xx_hal_msp.o(.text.HAL_MspInit)
    HAL_NVIC_EnableIRQ                       0x08001171   Thumb Code    28  stm32h7xx_hal_cortex.o(.text.HAL_NVIC_EnableIRQ)
    HAL_NVIC_SetPriority                     0x0800118d   Thumb Code    56  stm32h7xx_hal_cortex.o(.text.HAL_NVIC_SetPriority)
    HAL_NVIC_SetPriorityGrouping             0x080011c5   Thumb Code    32  stm32h7xx_hal_cortex.o(.text.HAL_NVIC_SetPriorityGrouping)
    HAL_PWREx_ConfigSupply                   0x080011e5   Thumb Code    72  stm32h7xx_hal_pwr_ex.o(.text.HAL_PWREx_ConfigSupply)
    HAL_QSPI_Init                            0x0800122d   Thumb Code   160  stm32h7xx_hal_qspi.o(.text.HAL_QSPI_Init)
    HAL_QSPI_MspInit                         0x080012cd   Thumb Code   272  quadspi.o(.text.HAL_QSPI_MspInit)
    HAL_RCCEx_GetD3PCLK1Freq                 0x080013dd   Thumb Code    36  stm32h7xx_hal_rcc_ex.o(.text.HAL_RCCEx_GetD3PCLK1Freq)
    HAL_RCCEx_GetPLL1ClockFreq               0x08001401   Thumb Code   268  stm32h7xx_hal_rcc_ex.o(.text.HAL_RCCEx_GetPLL1ClockFreq)
    HAL_RCCEx_GetPLL2ClockFreq               0x0800150d   Thumb Code   264  stm32h7xx_hal_rcc_ex.o(.text.HAL_RCCEx_GetPLL2ClockFreq)
    HAL_RCCEx_GetPLL3ClockFreq               0x08001615   Thumb Code   264  stm32h7xx_hal_rcc_ex.o(.text.HAL_RCCEx_GetPLL3ClockFreq)
    HAL_RCCEx_GetPeriphCLKFreq               0x0800171d   Thumb Code   656  stm32h7xx_hal_rcc_ex.o(.text.HAL_RCCEx_GetPeriphCLKFreq)
    HAL_RCCEx_PeriphCLKConfig                0x080019ad   Thumb Code  2416  stm32h7xx_hal_rcc_ex.o(.text.HAL_RCCEx_PeriphCLKConfig)
    HAL_RCC_ClockConfig                      0x0800231d   Thumb Code   532  stm32h7xx_hal_rcc.o(.text.HAL_RCC_ClockConfig)
    HAL_RCC_GetClockConfig                   0x08002531   Thumb Code    80  stm32h7xx_hal_rcc.o(.text.HAL_RCC_GetClockConfig)
    HAL_RCC_GetHCLKFreq                      0x08002581   Thumb Code    60  stm32h7xx_hal_rcc.o(.text.HAL_RCC_GetHCLKFreq)
    HAL_RCC_GetPCLK1Freq                     0x080025bd   Thumb Code    28  stm32h7xx_hal_rcc.o(.text.HAL_RCC_GetPCLK1Freq)
    HAL_RCC_GetPCLK2Freq                     0x080025d9   Thumb Code    36  stm32h7xx_hal_rcc.o(.text.HAL_RCC_GetPCLK2Freq)
    HAL_RCC_GetSysClockFreq                  0x080025fd   Thumb Code   244  stm32h7xx_hal_rcc.o(.text.HAL_RCC_GetSysClockFreq)
    HAL_RCC_OscConfig                        0x080026f1   Thumb Code  1288  stm32h7xx_hal_rcc.o(.text.HAL_RCC_OscConfig)
    HAL_SDRAM_Init                           0x08002bf9   Thumb Code    80  stm32h7xx_hal_sdram.o(.text.HAL_SDRAM_Init)
    HAL_SDRAM_MspInit                        0x08002c49   Thumb Code   200  fmc.o(.text.HAL_SDRAM_MspInit)
    HAL_SD_ConfigWideBusOperation            0x08002d11   Thumb Code   392  stm32h7xx_hal_sd.o(.text.HAL_SD_ConfigWideBusOperation)
    HAL_SD_GetCardCSD                        0x08002e99   Thumb Code   376  stm32h7xx_hal_sd.o(.text.HAL_SD_GetCardCSD)
    HAL_SD_GetCardState                      0x08003011   Thumb Code    40  stm32h7xx_hal_sd.o(.text.HAL_SD_GetCardState)
    HAL_SD_GetCardStatus                     0x08003039   Thumb Code   396  stm32h7xx_hal_sd.o(.text.HAL_SD_GetCardStatus)
    HAL_SD_Init                              0x080031c5   Thumb Code   158  stm32h7xx_hal_sd.o(.text.HAL_SD_Init)
    HAL_SD_InitCard                          0x08003265   Thumb Code   632  stm32h7xx_hal_sd.o(.text.HAL_SD_InitCard)
    HAL_SD_MspInit                           0x080034dd   Thumb Code   164  sdmmc.o(.text.HAL_SD_MspInit)
    HAL_SPI_Init                             0x08003581   Thumb Code   404  stm32h7xx_hal_spi.o(.text.HAL_SPI_Init)
    HAL_SPI_MspInit                          0x08003715   Thumb Code   156  spi.o(.text.HAL_SPI_MspInit)
    HAL_SYSCFG_ETHInterfaceSelect            0x080037b1   Thumb Code    20  stm32h7xx_hal.o(.text.HAL_SYSCFG_ETHInterfaceSelect)
    HAL_TIMEx_Break2Callback                 0x080037c5   Thumb Code     2  stm32h7xx_hal_tim_ex.o(.text.HAL_TIMEx_Break2Callback)
    HAL_TIMEx_BreakCallback                  0x080037c7   Thumb Code     2  stm32h7xx_hal_tim_ex.o(.text.HAL_TIMEx_BreakCallback)
    HAL_TIMEx_CommutCallback                 0x080037c9   Thumb Code     2  stm32h7xx_hal_tim_ex.o(.text.HAL_TIMEx_CommutCallback)
    HAL_TIM_Base_Init                        0x080037cb   Thumb Code    96  stm32h7xx_hal_tim.o(.text.HAL_TIM_Base_Init)
    HAL_TIM_Base_MspInit                     0x0800382b   Thumb Code     2  stm32h7xx_hal_tim.o(.text.HAL_TIM_Base_MspInit)
    HAL_TIM_Base_Start_IT                    0x0800382d   Thumb Code   140  stm32h7xx_hal_tim.o(.text.HAL_TIM_Base_Start_IT)
    HAL_TIM_IC_CaptureCallback               0x080038b9   Thumb Code     2  stm32h7xx_hal_tim.o(.text.HAL_TIM_IC_CaptureCallback)
    HAL_TIM_IRQHandler                       0x080038bb   Thumb Code   308  stm32h7xx_hal_tim.o(.text.HAL_TIM_IRQHandler)
    HAL_TIM_OC_DelayElapsedCallback          0x080039ef   Thumb Code     2  stm32h7xx_hal_tim.o(.text.HAL_TIM_OC_DelayElapsedCallback)
    HAL_TIM_PWM_PulseFinishedCallback        0x080039f1   Thumb Code     2  stm32h7xx_hal_tim.o(.text.HAL_TIM_PWM_PulseFinishedCallback)
    HAL_TIM_PeriodElapsedCallback            0x080039f5   Thumb Code    20  main.o(.text.HAL_TIM_PeriodElapsedCallback)
    HAL_TIM_TriggerCallback                  0x08003a09   Thumb Code     2  stm32h7xx_hal_tim.o(.text.HAL_TIM_TriggerCallback)
    HAL_UARTEx_DisableFifoMode               0x08003a0b   Thumb Code    54  stm32h7xx_hal_uart_ex.o(.text.HAL_UARTEx_DisableFifoMode)
    HAL_UARTEx_SetRxFifoThreshold            0x08003a41   Thumb Code    74  stm32h7xx_hal_uart_ex.o(.text.HAL_UARTEx_SetRxFifoThreshold)
    HAL_UARTEx_SetTxFifoThreshold            0x08003a8b   Thumb Code    74  stm32h7xx_hal_uart_ex.o(.text.HAL_UARTEx_SetTxFifoThreshold)
    HAL_UART_Init                            0x08003ad5   Thumb Code   100  stm32h7xx_hal_uart.o(.text.HAL_UART_Init)
    HAL_UART_MspInit                         0x08003b39   Thumb Code   292  usart.o(.text.HAL_UART_MspInit)
    HardFault_Handler                        0x08003c5d   Thumb Code     2  stm32h7xx_it.o(.text.HardFault_Handler)
    MX_ETH_Init                              0x08003c61   Thumb Code    96  eth.o(.text.MX_ETH_Init)
    MX_FMC_Init                              0x08003cc1   Thumb Code    76  fmc.o(.text.MX_FMC_Init)
    MX_FREERTOS_Init                         0x08003d0d   Thumb Code    32  freertos.o(.text.MX_FREERTOS_Init)
    MX_GPIO_Init                             0x08003d2d   Thumb Code   292  gpio.o(.text.MX_GPIO_Init)
    MX_I2C4_Init                             0x08003e51   Thumb Code    88  i2c.o(.text.MX_I2C4_Init)
    MX_QUADSPI_Init                          0x08003ea9   Thumb Code    56  quadspi.o(.text.MX_QUADSPI_Init)
    MX_SDMMC1_SD_Init                        0x08003ee1   Thumb Code    48  sdmmc.o(.text.MX_SDMMC1_SD_Init)
    MX_SPI1_Init                             0x08003f11   Thumb Code    88  spi.o(.text.MX_SPI1_Init)
    MX_USART1_UART_Init                      0x08003f69   Thumb Code   104  usart.o(.text.MX_USART1_UART_Init)
    MX_USART2_UART_Init                      0x08003fd1   Thumb Code   104  usart.o(.text.MX_USART2_UART_Init)
    MX_USART6_UART_Init                      0x08004039   Thumb Code   104  usart.o(.text.MX_USART6_UART_Init)
    MX_USB_OTG_HS_USB_Init                   0x080040a1   Thumb Code     2  usb_otg.o(.text.MX_USB_OTG_HS_USB_Init)
    MemManage_Handler                        0x080040a3   Thumb Code     2  stm32h7xx_it.o(.text.MemManage_Handler)
    NMI_Handler                              0x080040a5   Thumb Code     2  stm32h7xx_it.o(.text.NMI_Handler)
    PendSV_Handler                           0x080040b1   Thumb Code   100  port.o(.text.PendSV_Handler)
    PeriphCommonClock_Config                 0x08004115   Thumb Code   132  main.o(.text.PeriphCommonClock_Config)
    SDMMC_CmdAppCommand                      0x080043e1   Thumb Code    54  stm32h7xx_ll_sdmmc.o(.text.SDMMC_CmdAppCommand)
    SDMMC_CmdAppOperCommand                  0x08004417   Thumb Code    48  stm32h7xx_ll_sdmmc.o(.text.SDMMC_CmdAppOperCommand)
    SDMMC_CmdBlockLength                     0x08004447   Thumb Code    54  stm32h7xx_ll_sdmmc.o(.text.SDMMC_CmdBlockLength)
    SDMMC_CmdBusWidth                        0x0800447d   Thumb Code    54  stm32h7xx_ll_sdmmc.o(.text.SDMMC_CmdBusWidth)
    SDMMC_CmdGoIdleState                     0x080044b5   Thumb Code    76  stm32h7xx_ll_sdmmc.o(.text.SDMMC_CmdGoIdleState)
    SDMMC_CmdOperCond                        0x08004501   Thumb Code    52  stm32h7xx_ll_sdmmc.o(.text.SDMMC_CmdOperCond)
    SDMMC_CmdSelDesel                        0x08004535   Thumb Code    54  stm32h7xx_ll_sdmmc.o(.text.SDMMC_CmdSelDesel)
    SDMMC_CmdSendCID                         0x0800456b   Thumb Code    48  stm32h7xx_ll_sdmmc.o(.text.SDMMC_CmdSendCID)
    SDMMC_CmdSendCSD                         0x0800459b   Thumb Code    48  stm32h7xx_ll_sdmmc.o(.text.SDMMC_CmdSendCSD)
    SDMMC_CmdSendSCR                         0x080045cb   Thumb Code    54  stm32h7xx_ll_sdmmc.o(.text.SDMMC_CmdSendSCR)
    SDMMC_CmdSendStatus                      0x08004601   Thumb Code    54  stm32h7xx_ll_sdmmc.o(.text.SDMMC_CmdSendStatus)
    SDMMC_CmdSetRelAdd                       0x08004637   Thumb Code    54  stm32h7xx_ll_sdmmc.o(.text.SDMMC_CmdSetRelAdd)
    SDMMC_CmdStatusRegister                  0x0800466d   Thumb Code    54  stm32h7xx_ll_sdmmc.o(.text.SDMMC_CmdStatusRegister)
    SDMMC_ConfigData                         0x080046a3   Thumb Code    36  stm32h7xx_ll_sdmmc.o(.text.SDMMC_ConfigData)
    SDMMC_GetCmdResp1                        0x080046c9   Thumb Code   284  stm32h7xx_ll_sdmmc.o(.text.SDMMC_GetCmdResp1)
    SDMMC_GetCmdResp2                        0x080047e5   Thumb Code    80  stm32h7xx_ll_sdmmc.o(.text.SDMMC_GetCmdResp2)
    SDMMC_GetCmdResp3                        0x08004835   Thumb Code    72  stm32h7xx_ll_sdmmc.o(.text.SDMMC_GetCmdResp3)
    SDMMC_GetCmdResp6                        0x0800487d   Thumb Code   132  stm32h7xx_ll_sdmmc.o(.text.SDMMC_GetCmdResp6)
    SDMMC_GetCmdResp7                        0x08004901   Thumb Code    88  stm32h7xx_ll_sdmmc.o(.text.SDMMC_GetCmdResp7)
    SDMMC_GetPowerState                      0x08004959   Thumb Code     8  stm32h7xx_ll_sdmmc.o(.text.SDMMC_GetPowerState)
    SDMMC_GetResponse                        0x08004961   Thumb Code     6  stm32h7xx_ll_sdmmc.o(.text.SDMMC_GetResponse)
    SDMMC_Init                               0x08004969   Thumb Code    32  stm32h7xx_ll_sdmmc.o(.text.SDMMC_Init)
    SDMMC_PowerState_ON                      0x08004989   Thumb Code    12  stm32h7xx_ll_sdmmc.o(.text.SDMMC_PowerState_ON)
    SDMMC_ReadFIFO                           0x08004995   Thumb Code     6  stm32h7xx_ll_sdmmc.o(.text.SDMMC_ReadFIFO)
    SDMMC_SendCommand                        0x0800499d   Thumb Code    36  stm32h7xx_ll_sdmmc.o(.text.SDMMC_SendCommand)
    SVC_Handler                              0x08004aa1   Thumb Code    36  port.o(.text.SVC_Handler)
    StartDefaultTask                         0x08004ad1   Thumb Code     8  freertos.o(.text.StartDefaultTask)
    SysTick_Handler                          0x08004ad9   Thumb Code    28  cmsis_os2.o(.text.SysTick_Handler)
    SystemClock_Config                       0x08004af5   Thumb Code   256  main.o(.text.SystemClock_Config)
    SystemInit                               0x08004bf5   Thumb Code   176  system_stm32h7xx.o(.text.SystemInit)
    TIM17_IRQHandler                         0x08004ca5   Thumb Code    12  stm32h7xx_it.o(.text.TIM17_IRQHandler)
    TIM_Base_SetConfig                       0x08004cb1   Thumb Code   220  stm32h7xx_hal_tim.o(.text.TIM_Base_SetConfig)
    UART_AdvFeatureConfig                    0x08004dd1   Thumb Code   170  stm32h7xx_hal_uart.o(.text.UART_AdvFeatureConfig)
    UART_CheckIdleState                      0x08004e7b   Thumb Code   178  stm32h7xx_hal_uart.o(.text.UART_CheckIdleState)
    UART_SetConfig                           0x08004f85   Thumb Code   904  stm32h7xx_hal_uart.o(.text.UART_SetConfig)
    UART_WaitOnFlagUntilTimeout              0x0800530d   Thumb Code   154  stm32h7xx_hal_uart.o(.text.UART_WaitOnFlagUntilTimeout)
    UsageFault_Handler                       0x080053a7   Thumb Code     2  stm32h7xx_it.o(.text.UsageFault_Handler)
    main                                     0x080053df   Thumb Code    70  main.o(.text.main)
    osDelay                                  0x08005429   Thumb Code    30  cmsis_os2.o(.text.osDelay)
    osKernelInitialize                       0x08005449   Thumb Code    42  cmsis_os2.o(.text.osKernelInitialize)
    osKernelStart                            0x08005479   Thumb Code    52  cmsis_os2.o(.text.osKernelStart)
    osThreadNew                              0x080054b1   Thumb Code   182  cmsis_os2.o(.text.osThreadNew)
    pvPortMalloc                             0x08005f11   Thumb Code   308  heap_4.o(.text.pvPortMalloc)
    pxPortInitialiseStack                    0x08006049   Thumb Code    44  port.o(.text.pxPortInitialiseStack)
    uxListRemove                             0x08006079   Thumb Code    40  list.o(.text.uxListRemove)
    vApplicationGetIdleTaskMemory            0x080060a1   Thumb Code    26  cmsis_os2.o(.text.vApplicationGetIdleTaskMemory)
    vApplicationGetTimerTaskMemory           0x080060c1   Thumb Code    28  cmsis_os2.o(.text.vApplicationGetTimerTaskMemory)
    vListInitialise                          0x080060e1   Thumb Code    22  list.o(.text.vListInitialise)
    vListInitialiseItem                      0x080060f9   Thumb Code     6  list.o(.text.vListInitialiseItem)
    vListInsert                              0x08006101   Thumb Code    58  list.o(.text.vListInsert)
    vListInsertEnd                           0x08006141   Thumb Code    28  list.o(.text.vListInsertEnd)
    vPortEnterCritical                       0x08006179   Thumb Code    74  port.o(.text.vPortEnterCritical)
    vPortExitCritical                        0x080061c9   Thumb Code    46  port.o(.text.vPortExitCritical)
    vPortFree                                0x080061f9   Thumb Code   138  heap_4.o(.text.vPortFree)
    vPortSetupTimerInterrupt                 0x08006289   Thumb Code    52  port.o(.text.vPortSetupTimerInterrupt)
    vPortValidateInterruptPriority           0x080062c1   Thumb Code    98  port.o(.text.vPortValidateInterruptPriority)
    vQueueAddToRegistry                      0x08006329   Thumb Code    38  queue.o(.text.vQueueAddToRegistry)
    vQueueWaitForMessageRestricted           0x08006351   Thumb Code    68  queue.o(.text.vQueueWaitForMessageRestricted)
    vTaskDelay                               0x08006399   Thumb Code    84  tasks.o(.text.vTaskDelay)
    vTaskInternalSetTimeOutState             0x080063f1   Thumb Code    26  tasks.o(.text.vTaskInternalSetTimeOutState)
    vTaskMissedYield                         0x08006411   Thumb Code    14  tasks.o(.text.vTaskMissedYield)
    vTaskPlaceOnEventList                    0x08006421   Thumb Code    50  tasks.o(.text.vTaskPlaceOnEventList)
    vTaskPlaceOnEventListRestricted          0x08006459   Thumb Code    62  tasks.o(.text.vTaskPlaceOnEventListRestricted)
    vTaskStartScheduler                      0x08006499   Thumb Code   168  tasks.o(.text.vTaskStartScheduler)
    vTaskSuspendAll                          0x08006541   Thumb Code    16  tasks.o(.text.vTaskSuspendAll)
    vTaskSwitchContext                       0x08006551   Thumb Code   154  tasks.o(.text.vTaskSwitchContext)
    xPortStartScheduler                      0x080065f1   Thumb Code   278  port.o(.text.xPortStartScheduler)
    xPortSysTickHandler                      0x08006709   Thumb Code    46  port.o(.text.xPortSysTickHandler)
    xQueueGenericCreateStatic                0x08006739   Thumb Code   150  queue.o(.text.xQueueGenericCreateStatic)
    xQueueGenericReset                       0x080067d1   Thumb Code   130  queue.o(.text.xQueueGenericReset)
    xQueueGenericSend                        0x08006859   Thumb Code   418  queue.o(.text.xQueueGenericSend)
    xQueueGenericSendFromISR                 0x08006a01   Thumb Code   204  queue.o(.text.xQueueGenericSendFromISR)
    xQueueReceive                            0x08006ad1   Thumb Code   384  queue.o(.text.xQueueReceive)
    xTaskCheckForTimeOut                     0x08006c51   Thumb Code   136  tasks.o(.text.xTaskCheckForTimeOut)
    xTaskCreate                              0x08006cd9   Thumb Code   102  tasks.o(.text.xTaskCreate)
    xTaskCreateStatic                        0x08006d41   Thumb Code   122  tasks.o(.text.xTaskCreateStatic)
    xTaskGetSchedulerState                   0x08006dc1   Thumb Code    36  tasks.o(.text.xTaskGetSchedulerState)
    xTaskGetTickCount                        0x08006de9   Thumb Code    12  tasks.o(.text.xTaskGetTickCount)
    xTaskIncrementTick                       0x08006df9   Thumb Code   338  tasks.o(.text.xTaskIncrementTick)
    xTaskPriorityDisinherit                  0x08006f51   Thumb Code   146  tasks.o(.text.xTaskPriorityDisinherit)
    xTaskRemoveFromEventList                 0x08006fe9   Thumb Code   142  tasks.o(.text.xTaskRemoveFromEventList)
    xTaskResumeAll                           0x08007079   Thumb Code   276  tasks.o(.text.xTaskResumeAll)
    xTimerCreateTimerTask                    0x08007191   Thumb Code   128  timers.o(.text.xTimerCreateTimerTask)
    xTimerGenericCommand                     0x08007211   Thumb Code   102  timers.o(.text.xTimerGenericCommand)
    _fp_init                                 0x08007277   Thumb Code    26  fpinit.o(x$fpl$fpinit)
    __fplib_config_fpu_vfp                   0x0800728f   Thumb Code     0  fpinit.o(x$fpl$fpinit)
    __fplib_config_pureend_doubles           0x0800728f   Thumb Code     0  fpinit.o(x$fpl$fpinit)
    D1CorePrescTable                         0x08007290   Data          16  system_stm32h7xx.o(.rodata.D1CorePrescTable)
    UARTPrescTable                           0x080072a0   Data          24  stm32h7xx_hal_uart.o(.rodata.UARTPrescTable)
    defaultTask_attributes                   0x080072c8   Data          36  freertos.o(.rodata.defaultTask_attributes)
    Region$$Table$$Base                      0x080072f8   Number         0  anon$$obj.o(Region$$Table)
    Region$$Table$$Limit                     0x08007318   Number         0  anon$$obj.o(Region$$Table)
    DMARxDscrTab                             0x24000000   Data          96  eth.o(.RxDecripSection)
    DMATxDscrTab                             0x24000060   Data          96  eth.o(.TxDecripSection)
    uwTickFreq                               0x240000c0   Data           1  stm32h7xx_hal.o(.data..L_MergedGlobals)
    uwTickPrio                               0x240000c4   Data           4  stm32h7xx_hal.o(.data..L_MergedGlobals)
    SystemCoreClock                          0x240000c8   Data           4  system_stm32h7xx.o(.data..L_MergedGlobals)
    SystemD2Clock                            0x240000cc   Data           4  system_stm32h7xx.o(.data..L_MergedGlobals)
    __libspace_start                         0x240000d8   Data          96  libspace.o(.bss)
    __temporary_stack_top$libspace           0x24000138   Data           0  libspace.o(.bss)
    TxConfig                                 0x24000140   Data          56  eth.o(.bss..L_MergedGlobals)
    defaultTaskHandle                        0x24000180   Data           4  freertos.o(.bss.defaultTaskHandle)
    heth                                     0x24000184   Data         176  eth.o(.bss.heth)
    hi2c4                                    0x24000234   Data          84  i2c.o(.bss.hi2c4)
    hqspi                                    0x24000288   Data          76  quadspi.o(.bss.hqspi)
    hsd1                                     0x240002d4   Data         124  sdmmc.o(.bss.hsd1)
    hsdram1                                  0x24000350   Data          52  fmc.o(.bss.hsdram1)
    hspi1                                    0x24000384   Data         136  spi.o(.bss.hspi1)
    htim17                                   0x2400040c   Data          76  stm32h7xx_hal_timebase_tim.o(.bss.htim17)
    huart1                                   0x24000458   Data         148  usart.o(.bss.huart1)
    huart2                                   0x240004ec   Data         148  usart.o(.bss.huart2)
    huart6                                   0x24000580   Data         148  usart.o(.bss.huart6)
    pxCurrentTCB                             0x24000708   Data           4  tasks.o(.bss.pxCurrentTCB)
    uwTick                                   0x24004788   Data           4  stm32h7xx_hal.o(.bss.uwTick)
    xQueueRegistry                           0x24004ee0   Data          64  queue.o(.bss.xQueueRegistry)



==============================================================================

Memory Map of the image

  Image Entry point : 0x08000299

  Load Region LR_IROM1 (Base: 0x08000000, Size: 0x000073f0, Max: 0x00020000, ABSOLUTE)

    Execution Region ER_IROM1 (Exec base: 0x08000000, Load base: 0x08000000, Size: 0x00007318, Max: 0x00020000, ABSOLUTE)

    Exec Addr    Load Addr    Size         Type   Attr      Idx    E Section Name        Object

    0x08000000   0x08000000   0x00000298   Data   RO            3    RESET               startup_stm32h750xx.o
    0x08000298   0x08000298   0x00000008   Code   RO         2985  * !!!main             c_w.l(__main.o)
    0x080002a0   0x080002a0   0x00000034   Code   RO         3160    !!!scatter          c_w.l(__scatter.o)
    0x080002d4   0x080002d4   0x0000001a   Code   RO         3162    !!handler_copy      c_w.l(__scatter_copy.o)
    0x080002ee   0x080002ee   0x00000002   PAD
    0x080002f0   0x080002f0   0x0000001c   Code   RO         3164    !!handler_zi        c_w.l(__scatter_zi.o)
    0x0800030c   0x0800030c   0x00000002   Code   RO         3024    .ARM.Collect$$libinit$$00000000  c_w.l(libinit.o)
    0x0800030e   0x0800030e   0x00000004   Code   RO         3036    .ARM.Collect$$libinit$$00000001  c_w.l(libinit2.o)
    0x08000312   0x08000312   0x00000000   Code   RO         3039    .ARM.Collect$$libinit$$00000004  c_w.l(libinit2.o)
    0x08000312   0x08000312   0x00000000   Code   RO         3042    .ARM.Collect$$libinit$$0000000A  c_w.l(libinit2.o)
    0x08000312   0x08000312   0x00000000   Code   RO         3044    .ARM.Collect$$libinit$$0000000C  c_w.l(libinit2.o)
    0x08000312   0x08000312   0x00000000   Code   RO         3046    .ARM.Collect$$libinit$$0000000E  c_w.l(libinit2.o)
    0x08000312   0x08000312   0x00000000   Code   RO         3049    .ARM.Collect$$libinit$$00000011  c_w.l(libinit2.o)
    0x08000312   0x08000312   0x00000000   Code   RO         3051    .ARM.Collect$$libinit$$00000013  c_w.l(libinit2.o)
    0x08000312   0x08000312   0x00000000   Code   RO         3053    .ARM.Collect$$libinit$$00000015  c_w.l(libinit2.o)
    0x08000312   0x08000312   0x00000000   Code   RO         3055    .ARM.Collect$$libinit$$00000017  c_w.l(libinit2.o)
    0x08000312   0x08000312   0x00000000   Code   RO         3057    .ARM.Collect$$libinit$$00000019  c_w.l(libinit2.o)
    0x08000312   0x08000312   0x00000000   Code   RO         3059    .ARM.Collect$$libinit$$0000001B  c_w.l(libinit2.o)
    0x08000312   0x08000312   0x00000000   Code   RO         3061    .ARM.Collect$$libinit$$0000001D  c_w.l(libinit2.o)
    0x08000312   0x08000312   0x00000000   Code   RO         3063    .ARM.Collect$$libinit$$0000001F  c_w.l(libinit2.o)
    0x08000312   0x08000312   0x00000000   Code   RO         3065    .ARM.Collect$$libinit$$00000021  c_w.l(libinit2.o)
    0x08000312   0x08000312   0x00000000   Code   RO         3067    .ARM.Collect$$libinit$$00000023  c_w.l(libinit2.o)
    0x08000312   0x08000312   0x00000000   Code   RO         3069    .ARM.Collect$$libinit$$00000025  c_w.l(libinit2.o)
    0x08000312   0x08000312   0x00000000   Code   RO         3073    .ARM.Collect$$libinit$$0000002C  c_w.l(libinit2.o)
    0x08000312   0x08000312   0x00000000   Code   RO         3075    .ARM.Collect$$libinit$$0000002E  c_w.l(libinit2.o)
    0x08000312   0x08000312   0x00000000   Code   RO         3077    .ARM.Collect$$libinit$$00000030  c_w.l(libinit2.o)
    0x08000312   0x08000312   0x00000000   Code   RO         3079    .ARM.Collect$$libinit$$00000032  c_w.l(libinit2.o)
    0x08000312   0x08000312   0x00000002   Code   RO         3080    .ARM.Collect$$libinit$$00000033  c_w.l(libinit2.o)
    0x08000314   0x08000314   0x00000002   Code   RO         3115    .ARM.Collect$$libshutdown$$00000000  c_w.l(libshutdown.o)
    0x08000316   0x08000316   0x00000000   Code   RO         3143    .ARM.Collect$$libshutdown$$00000002  c_w.l(libshutdown2.o)
    0x08000316   0x08000316   0x00000000   Code   RO         3145    .ARM.Collect$$libshutdown$$00000004  c_w.l(libshutdown2.o)
    0x08000316   0x08000316   0x00000000   Code   RO         3148    .ARM.Collect$$libshutdown$$00000007  c_w.l(libshutdown2.o)
    0x08000316   0x08000316   0x00000000   Code   RO         3151    .ARM.Collect$$libshutdown$$0000000A  c_w.l(libshutdown2.o)
    0x08000316   0x08000316   0x00000000   Code   RO         3153    .ARM.Collect$$libshutdown$$0000000C  c_w.l(libshutdown2.o)
    0x08000316   0x08000316   0x00000000   Code   RO         3156    .ARM.Collect$$libshutdown$$0000000F  c_w.l(libshutdown2.o)
    0x08000316   0x08000316   0x00000002   Code   RO         3157    .ARM.Collect$$libshutdown$$00000010  c_w.l(libshutdown2.o)
    0x08000318   0x08000318   0x00000000   Code   RO         2987    .ARM.Collect$$rtentry$$00000000  c_w.l(__rtentry.o)
    0x08000318   0x08000318   0x00000000   Code   RO         2995    .ARM.Collect$$rtentry$$00000002  c_w.l(__rtentry2.o)
    0x08000318   0x08000318   0x00000006   Code   RO         3007    .ARM.Collect$$rtentry$$00000004  c_w.l(__rtentry4.o)
    0x0800031e   0x0800031e   0x00000000   Code   RO         2997    .ARM.Collect$$rtentry$$00000009  c_w.l(__rtentry2.o)
    0x0800031e   0x0800031e   0x00000004   Code   RO         2998    .ARM.Collect$$rtentry$$0000000A  c_w.l(__rtentry2.o)
    0x08000322   0x08000322   0x00000000   Code   RO         3000    .ARM.Collect$$rtentry$$0000000C  c_w.l(__rtentry2.o)
    0x08000322   0x08000322   0x00000008   Code   RO         3001    .ARM.Collect$$rtentry$$0000000D  c_w.l(__rtentry2.o)
    0x0800032a   0x0800032a   0x00000002   Code   RO         3028    .ARM.Collect$$rtexit$$00000000  c_w.l(rtexit.o)
    0x0800032c   0x0800032c   0x00000000   Code   RO         3086    .ARM.Collect$$rtexit$$00000002  c_w.l(rtexit2.o)
    0x0800032c   0x0800032c   0x00000004   Code   RO         3087    .ARM.Collect$$rtexit$$00000003  c_w.l(rtexit2.o)
    0x08000330   0x08000330   0x00000006   Code   RO         3088    .ARM.Collect$$rtexit$$00000004  c_w.l(rtexit2.o)
    0x08000336   0x08000336   0x00000002   PAD
    0x08000338   0x08000338   0x00000040   Code   RO            4    .text               startup_stm32h750xx.o
    0x08000378   0x08000378   0x000000f0   Code   RO         2971    .text               c_w.l(lludivv7m.o)
    0x08000468   0x08000468   0x0000008a   Code   RO         2973    .text               c_w.l(rt_memcpy_v6.o)
    0x080004f2   0x080004f2   0x00000010   Code   RO         2977    .text               c_w.l(aeabi_memset4.o)
    0x08000502   0x08000502   0x0000004e   Code   RO         2981    .text               c_w.l(rt_memclr_w.o)
    0x08000550   0x08000550   0x00000006   Code   RO         2983    .text               c_w.l(heapauxi.o)
    0x08000556   0x08000556   0x00000064   Code   RO         2992    .text               c_w.l(rt_memcpy_w.o)
    0x080005ba   0x080005ba   0x0000004a   Code   RO         3011    .text               c_w.l(sys_stackheap_outer.o)
    0x08000604   0x08000604   0x00000012   Code   RO         3013    .text               c_w.l(exit.o)
    0x08000616   0x08000616   0x00000002   PAD
    0x08000618   0x08000618   0x00000008   Code   RO         3025    .text               c_w.l(libspace.o)
    0x08000620   0x08000620   0x0000000c   Code   RO         3081    .text               c_w.l(sys_exit.o)
    0x0800062c   0x0800062c   0x00000002   Code   RO         3104    .text               c_w.l(use_no_semi.o)
    0x0800062e   0x0800062e   0x00000000   Code   RO         3106    .text               c_w.l(indicate_semi.o)
    0x0800062e   0x0800062e   0x00000002   Code   RO          184    .text.BusFault_Handler  stm32h7xx_it.o
    0x08000630   0x08000630   0x00000002   Code   RO          188    .text.DebugMon_Handler  stm32h7xx_it.o
    0x08000632   0x08000632   0x00000002   PAD
    0x08000634   0x08000634   0x0000008c   Code   RO         1134    .text.ETH_SetDMAConfig  stm32h7xx_hal_eth.o
    0x080006c0   0x080006c0   0x00000164   Code   RO         1130    .text.ETH_SetMACConfig  stm32h7xx_hal_eth.o
    0x08000824   0x08000824   0x00000008   Code   RO           17    .text.Error_Handler  main.o
    0x0800082c   0x0800082c   0x0000007e   Code   RO         1244    .text.FMC_SDRAM_Init  stm32h7xx_ll_fmc.o
    0x080008aa   0x080008aa   0x00000002   PAD
    0x080008ac   0x080008ac   0x000000b0   Code   RO         1246    .text.FMC_SDRAM_Timing_Init  stm32h7xx_ll_fmc.o
    0x0800095c   0x0800095c   0x00000024   Code   RO          758    .text.HAL_Delay     stm32h7xx_hal.o
    0x08000980   0x08000980   0x00000218   Code   RO         1056    .text.HAL_ETH_Init  stm32h7xx_hal_eth.o
    0x08000b98   0x08000b98   0x000000ec   Code   RO           55    .text.HAL_ETH_MspInit  eth.o
    0x08000c84   0x08000c84   0x00000068   Code   RO         1060    .text.HAL_ETH_SetMDIOClockRange  stm32h7xx_hal_eth.o
    0x08000cec   0x08000cec   0x00000190   Code   RO          440    .text.HAL_GPIO_Init  stm32h7xx_hal_gpio.o
    0x08000e7c   0x08000e7c   0x0000000c   Code   RO          766    .text.HAL_GetREVID  stm32h7xx_hal.o
    0x08000e88   0x08000e88   0x00000008   Code   RO          750    .text.HAL_GetTick   stm32h7xx_hal.o
    0x08000e90   0x08000e90   0x0000004a   Code   RO         1010    .text.HAL_I2CEx_ConfigAnalogFilter  stm32h7xx_hal_i2c_ex.o
    0x08000eda   0x08000eda   0x00000048   Code   RO         1012    .text.HAL_I2CEx_ConfigDigitalFilter  stm32h7xx_hal_i2c_ex.o
    0x08000f22   0x08000f22   0x00000002   PAD
    0x08000f24   0x08000f24   0x000000b0   Code   RO          844    .text.HAL_I2C_Init  stm32h7xx_hal_i2c.o
    0x08000fd4   0x08000fd4   0x00000080   Code   RO           91    .text.HAL_I2C_MspInit  i2c.o
    0x08001054   0x08001054   0x00000018   Code   RO          748    .text.HAL_IncTick   stm32h7xx_hal.o
    0x0800106c   0x0800106c   0x00000054   Code   RO          738    .text.HAL_Init      stm32h7xx_hal.o
    0x080010c0   0x080010c0   0x00000088   Code   RO          208    .text.HAL_InitTick  stm32h7xx_hal_timebase_tim.o
    0x08001148   0x08001148   0x00000028   Code   RO          199    .text.HAL_MspInit   stm32h7xx_hal_msp.o
    0x08001170   0x08001170   0x0000001c   Code   RO          229    .text.HAL_NVIC_EnableIRQ  stm32h7xx_hal_cortex.o
    0x0800118c   0x0800118c   0x00000038   Code   RO          225    .text.HAL_NVIC_SetPriority  stm32h7xx_hal_cortex.o
    0x080011c4   0x080011c4   0x00000020   Code   RO          223    .text.HAL_NVIC_SetPriorityGrouping  stm32h7xx_hal_cortex.o
    0x080011e4   0x080011e4   0x00000048   Code   RO          650    .text.HAL_PWREx_ConfigSupply  stm32h7xx_hal_pwr_ex.o
    0x0800122c   0x0800122c   0x000000a0   Code   RO         1330    .text.HAL_QSPI_Init  stm32h7xx_hal_qspi.o
    0x080012cc   0x080012cc   0x00000110   Code   RO          106    .text.HAL_QSPI_MspInit  quadspi.o
    0x080013dc   0x080013dc   0x00000024   Code   RO          329    .text.HAL_RCCEx_GetD3PCLK1Freq  stm32h7xx_hal_rcc_ex.o
    0x08001400   0x08001400   0x0000010c   Code   RO          323    .text.HAL_RCCEx_GetPLL1ClockFreq  stm32h7xx_hal_rcc_ex.o
    0x0800150c   0x0800150c   0x00000108   Code   RO          325    .text.HAL_RCCEx_GetPLL2ClockFreq  stm32h7xx_hal_rcc_ex.o
    0x08001614   0x08001614   0x00000108   Code   RO          327    .text.HAL_RCCEx_GetPLL3ClockFreq  stm32h7xx_hal_rcc_ex.o
    0x0800171c   0x0800171c   0x00000290   Code   RO          321    .text.HAL_RCCEx_GetPeriphCLKFreq  stm32h7xx_hal_rcc_ex.o
    0x080019ac   0x080019ac   0x00000970   Code   RO          313    .text.HAL_RCCEx_PeriphCLKConfig  stm32h7xx_hal_rcc_ex.o
    0x0800231c   0x0800231c   0x00000214   Code   RO          281    .text.HAL_RCC_ClockConfig  stm32h7xx_hal_rcc.o
    0x08002530   0x08002530   0x00000050   Code   RO          299    .text.HAL_RCC_GetClockConfig  stm32h7xx_hal_rcc.o
    0x08002580   0x08002580   0x0000003c   Code   RO          291    .text.HAL_RCC_GetHCLKFreq  stm32h7xx_hal_rcc.o
    0x080025bc   0x080025bc   0x0000001c   Code   RO          293    .text.HAL_RCC_GetPCLK1Freq  stm32h7xx_hal_rcc.o
    0x080025d8   0x080025d8   0x00000024   Code   RO          295    .text.HAL_RCC_GetPCLK2Freq  stm32h7xx_hal_rcc.o
    0x080025fc   0x080025fc   0x000000f4   Code   RO          283    .text.HAL_RCC_GetSysClockFreq  stm32h7xx_hal_rcc.o
    0x080026f0   0x080026f0   0x00000508   Code   RO          279    .text.HAL_RCC_OscConfig  stm32h7xx_hal_rcc.o
    0x08002bf8   0x08002bf8   0x00000050   Code   RO         1270    .text.HAL_SDRAM_Init  stm32h7xx_hal_sdram.o
    0x08002c48   0x08002c48   0x000000c8   Code   RO           74    .text.HAL_SDRAM_MspInit  fmc.o
    0x08002d10   0x08002d10   0x00000188   Code   RO         1540    .text.HAL_SD_ConfigWideBusOperation  stm32h7xx_hal_sd.o
    0x08002e98   0x08002e98   0x00000178   Code   RO         1586    .text.HAL_SD_GetCardCSD  stm32h7xx_hal_sd.o
    0x08003010   0x08003010   0x00000028   Code   RO         1542    .text.HAL_SD_GetCardState  stm32h7xx_hal_sd.o
    0x08003038   0x08003038   0x0000018c   Code   RO         1538    .text.HAL_SD_GetCardStatus  stm32h7xx_hal_sd.o
    0x080031c4   0x080031c4   0x0000009e   Code   RO         1532    .text.HAL_SD_Init   stm32h7xx_hal_sd.o
    0x08003262   0x08003262   0x00000002   PAD
    0x08003264   0x08003264   0x00000278   Code   RO         1536    .text.HAL_SD_InitCard  stm32h7xx_hal_sd.o
    0x080034dc   0x080034dc   0x000000a4   Code   RO          121    .text.HAL_SD_MspInit  sdmmc.o
    0x08003580   0x08003580   0x00000194   Code   RO         1624    .text.HAL_SPI_Init  stm32h7xx_hal_spi.o
    0x08003714   0x08003714   0x0000009c   Code   RO          136    .text.HAL_SPI_MspInit  spi.o
    0x080037b0   0x080037b0   0x00000014   Code   RO          786    .text.HAL_SYSCFG_ETHInterfaceSelect  stm32h7xx_hal.o
    0x080037c4   0x080037c4   0x00000002   Code   RO         2075    .text.HAL_TIMEx_Break2Callback  stm32h7xx_hal_tim_ex.o
    0x080037c6   0x080037c6   0x00000002   Code   RO         2073    .text.HAL_TIMEx_BreakCallback  stm32h7xx_hal_tim_ex.o
    0x080037c8   0x080037c8   0x00000002   Code   RO         2069    .text.HAL_TIMEx_CommutCallback  stm32h7xx_hal_tim_ex.o
    0x080037ca   0x080037ca   0x00000060   Code   RO         1744    .text.HAL_TIM_Base_Init  stm32h7xx_hal_tim.o
    0x0800382a   0x0800382a   0x00000002   Code   RO         1746    .text.HAL_TIM_Base_MspInit  stm32h7xx_hal_tim.o
    0x0800382c   0x0800382c   0x0000008c   Code   RO         1758    .text.HAL_TIM_Base_Start_IT  stm32h7xx_hal_tim.o
    0x080038b8   0x080038b8   0x00000002   Code   RO         1880    .text.HAL_TIM_IC_CaptureCallback  stm32h7xx_hal_tim.o
    0x080038ba   0x080038ba   0x00000134   Code   RO         1878    .text.HAL_TIM_IRQHandler  stm32h7xx_hal_tim.o
    0x080039ee   0x080039ee   0x00000002   Code   RO         1882    .text.HAL_TIM_OC_DelayElapsedCallback  stm32h7xx_hal_tim.o
    0x080039f0   0x080039f0   0x00000002   Code   RO         1884    .text.HAL_TIM_PWM_PulseFinishedCallback  stm32h7xx_hal_tim.o
    0x080039f2   0x080039f2   0x00000002   PAD
    0x080039f4   0x080039f4   0x00000014   Code   RO           19    .text.HAL_TIM_PeriodElapsedCallback  main.o
    0x08003a08   0x08003a08   0x00000002   Code   RO         1888    .text.HAL_TIM_TriggerCallback  stm32h7xx_hal_tim.o
    0x08003a0a   0x08003a0a   0x00000036   Code   RO         2256    .text.HAL_UARTEx_DisableFifoMode  stm32h7xx_hal_uart_ex.o
    0x08003a40   0x08003a40   0x0000004a   Code   RO         2260    .text.HAL_UARTEx_SetRxFifoThreshold  stm32h7xx_hal_uart_ex.o
    0x08003a8a   0x08003a8a   0x0000004a   Code   RO         2258    .text.HAL_UARTEx_SetTxFifoThreshold  stm32h7xx_hal_uart_ex.o
    0x08003ad4   0x08003ad4   0x00000064   Code   RO         2089    .text.HAL_UART_Init  stm32h7xx_hal_uart.o
    0x08003b38   0x08003b38   0x00000124   Code   RO          155    .text.HAL_UART_MspInit  usart.o
    0x08003c5c   0x08003c5c   0x00000002   Code   RO          180    .text.HardFault_Handler  stm32h7xx_it.o
    0x08003c5e   0x08003c5e   0x00000002   PAD
    0x08003c60   0x08003c60   0x00000060   Code   RO           53    .text.MX_ETH_Init   eth.o
    0x08003cc0   0x08003cc0   0x0000004c   Code   RO           72    .text.MX_FMC_Init   fmc.o
    0x08003d0c   0x08003d0c   0x00000020   Code   RO           39    .text.MX_FREERTOS_Init  freertos.o
    0x08003d2c   0x08003d2c   0x00000124   Code   RO           30    .text.MX_GPIO_Init  gpio.o
    0x08003e50   0x08003e50   0x00000058   Code   RO           89    .text.MX_I2C4_Init  i2c.o
    0x08003ea8   0x08003ea8   0x00000038   Code   RO          104    .text.MX_QUADSPI_Init  quadspi.o
    0x08003ee0   0x08003ee0   0x00000030   Code   RO          119    .text.MX_SDMMC1_SD_Init  sdmmc.o
    0x08003f10   0x08003f10   0x00000058   Code   RO          134    .text.MX_SPI1_Init  spi.o
    0x08003f68   0x08003f68   0x00000068   Code   RO          149    .text.MX_USART1_UART_Init  usart.o
    0x08003fd0   0x08003fd0   0x00000068   Code   RO          151    .text.MX_USART2_UART_Init  usart.o
    0x08004038   0x08004038   0x00000068   Code   RO          153    .text.MX_USART6_UART_Init  usart.o
    0x080040a0   0x080040a0   0x00000002   Code   RO          170    .text.MX_USB_OTG_HS_USB_Init  usb_otg.o
    0x080040a2   0x080040a2   0x00000002   Code   RO          182    .text.MemManage_Handler  stm32h7xx_it.o
    0x080040a4   0x080040a4   0x00000002   Code   RO          178    .text.NMI_Handler   stm32h7xx_it.o
    0x080040a6   0x080040a6   0x0000000a   PAD
    0x080040b0   0x080040b0   0x00000064   Code   RO         2953    .text.PendSV_Handler  port.o
    0x08004114   0x08004114   0x00000084   Code   RO           15    .text.PeriphCommonClock_Config  main.o
    0x08004198   0x08004198   0x00000052   Code   RO         1336    .text.QSPI_WaitFlagStateUntilTimeout  stm32h7xx_hal_qspi.o
    0x080041ea   0x080041ea   0x00000002   PAD
    0x080041ec   0x080041ec   0x000000f8   Code   RO          315    .text.RCCEx_PLL2_Config  stm32h7xx_hal_rcc_ex.o
    0x080042e4   0x080042e4   0x000000fc   Code   RO          317    .text.RCCEx_PLL3_Config  stm32h7xx_hal_rcc_ex.o
    0x080043e0   0x080043e0   0x00000036   Code   RO         1474    .text.SDMMC_CmdAppCommand  stm32h7xx_ll_sdmmc.o
    0x08004416   0x08004416   0x00000030   Code   RO         1476    .text.SDMMC_CmdAppOperCommand  stm32h7xx_ll_sdmmc.o
    0x08004446   0x08004446   0x00000036   Code   RO         1442    .text.SDMMC_CmdBlockLength  stm32h7xx_ll_sdmmc.o
    0x0800447c   0x0800447c   0x00000036   Code   RO         1480    .text.SDMMC_CmdBusWidth  stm32h7xx_ll_sdmmc.o
    0x080044b2   0x080044b2   0x00000002   PAD
    0x080044b4   0x080044b4   0x0000004c   Code   RO         1468    .text.SDMMC_CmdGoIdleState  stm32h7xx_ll_sdmmc.o
    0x08004500   0x08004500   0x00000034   Code   RO         1470    .text.SDMMC_CmdOperCond  stm32h7xx_ll_sdmmc.o
    0x08004534   0x08004534   0x00000036   Code   RO         1466    .text.SDMMC_CmdSelDesel  stm32h7xx_ll_sdmmc.o
    0x0800456a   0x0800456a   0x00000030   Code   RO         1484    .text.SDMMC_CmdSendCID  stm32h7xx_ll_sdmmc.o
    0x0800459a   0x0800459a   0x00000030   Code   RO         1488    .text.SDMMC_CmdSendCSD  stm32h7xx_ll_sdmmc.o
    0x080045ca   0x080045ca   0x00000036   Code   RO         1482    .text.SDMMC_CmdSendSCR  stm32h7xx_ll_sdmmc.o
    0x08004600   0x08004600   0x00000036   Code   RO         1498    .text.SDMMC_CmdSendStatus  stm32h7xx_ll_sdmmc.o
    0x08004636   0x08004636   0x00000036   Code   RO         1490    .text.SDMMC_CmdSetRelAdd  stm32h7xx_ll_sdmmc.o
    0x0800466c   0x0800466c   0x00000036   Code   RO         1500    .text.SDMMC_CmdStatusRegister  stm32h7xx_ll_sdmmc.o
    0x080046a2   0x080046a2   0x00000024   Code   RO         1434    .text.SDMMC_ConfigData  stm32h7xx_ll_sdmmc.o
    0x080046c6   0x080046c6   0x00000002   PAD
    0x080046c8   0x080046c8   0x0000011c   Code   RO         1444    .text.SDMMC_GetCmdResp1  stm32h7xx_ll_sdmmc.o
    0x080047e4   0x080047e4   0x00000050   Code   RO         1486    .text.SDMMC_GetCmdResp2  stm32h7xx_ll_sdmmc.o
    0x08004834   0x08004834   0x00000048   Code   RO         1478    .text.SDMMC_GetCmdResp3  stm32h7xx_ll_sdmmc.o
    0x0800487c   0x0800487c   0x00000084   Code   RO         1492    .text.SDMMC_GetCmdResp6  stm32h7xx_ll_sdmmc.o
    0x08004900   0x08004900   0x00000058   Code   RO         1472    .text.SDMMC_GetCmdResp7  stm32h7xx_ll_sdmmc.o
    0x08004958   0x08004958   0x00000008   Code   RO         1426    .text.SDMMC_GetPowerState  stm32h7xx_ll_sdmmc.o
    0x08004960   0x08004960   0x00000006   Code   RO         1432    .text.SDMMC_GetResponse  stm32h7xx_ll_sdmmc.o
    0x08004966   0x08004966   0x00000002   PAD
    0x08004968   0x08004968   0x00000020   Code   RO         1414    .text.SDMMC_Init    stm32h7xx_ll_sdmmc.o
    0x08004988   0x08004988   0x0000000c   Code   RO         1420    .text.SDMMC_PowerState_ON  stm32h7xx_ll_sdmmc.o
    0x08004994   0x08004994   0x00000006   Code   RO         1416    .text.SDMMC_ReadFIFO  stm32h7xx_ll_sdmmc.o
    0x0800499a   0x0800499a   0x00000002   PAD
    0x0800499c   0x0800499c   0x00000024   Code   RO         1428    .text.SDMMC_SendCommand  stm32h7xx_ll_sdmmc.o
    0x080049c0   0x080049c0   0x000000d4   Code   RO         1598    .text.SD_FindSCR    stm32h7xx_hal_sd.o
    0x08004a94   0x08004a94   0x0000000c   PAD
    0x08004aa0   0x08004aa0   0x00000024   Code   RO         2937    .text.SVC_Handler   port.o
    0x08004ac4   0x08004ac4   0x00000004   PAD
    0x08004ac8   0x08004ac8   0x00000008   Code   RO         2731    .text.SVC_Setup     cmsis_os2.o
    0x08004ad0   0x08004ad0   0x00000008   Code   RO           41    .text.StartDefaultTask  freertos.o
    0x08004ad8   0x08004ad8   0x0000001c   Code   RO         2721    .text.SysTick_Handler  cmsis_os2.o
    0x08004af4   0x08004af4   0x00000100   Code   RO           13    .text.SystemClock_Config  main.o
    0x08004bf4   0x08004bf4   0x000000b0   Code   RO         2279    .text.SystemInit    system_stm32h7xx.o
    0x08004ca4   0x08004ca4   0x0000000c   Code   RO          190    .text.TIM17_IRQHandler  stm32h7xx_it.o
    0x08004cb0   0x08004cb0   0x000000dc   Code   RO         1748    .text.TIM_Base_SetConfig  stm32h7xx_hal_tim.o
    0x08004d8c   0x08004d8c   0x00000044   Code   RO         2254    .text.UARTEx_SetNbDataToProcess  stm32h7xx_hal_uart_ex.o
    0x08004dd0   0x08004dd0   0x000000aa   Code   RO         2093    .text.UART_AdvFeatureConfig  stm32h7xx_hal_uart.o
    0x08004e7a   0x08004e7a   0x000000b2   Code   RO         2097    .text.UART_CheckIdleState  stm32h7xx_hal_uart.o
    0x08004f2c   0x08004f2c   0x00000058   Code   RO         2149    .text.UART_EndRxTransfer  stm32h7xx_hal_uart.o
    0x08004f84   0x08004f84   0x00000388   Code   RO         2095    .text.UART_SetConfig  stm32h7xx_hal_uart.o
    0x0800530c   0x0800530c   0x0000009a   Code   RO         2111    .text.UART_WaitOnFlagUntilTimeout  stm32h7xx_hal_uart.o
    0x080053a6   0x080053a6   0x00000002   Code   RO          186    .text.UsageFault_Handler  stm32h7xx_it.o
    0x080053a8   0x080053a8   0x00000024   Code   RO          227    .text.__NVIC_SetPriority  stm32h7xx_hal_cortex.o
    0x080053cc   0x080053cc   0x00000004   PAD
    0x080053d0   0x080053d0   0x0000000e   Code   RO         2885    .text.__NVIC_SetPriority  cmsis_os2.o
    0x080053de   0x080053de   0x00000046   Code   RO           11    .text.main          main.o
    0x08005424   0x08005424   0x00000004   PAD
    0x08005428   0x08005428   0x0000001e   Code   RO         2789    .text.osDelay       cmsis_os2.o
    0x08005446   0x08005446   0x00000002   PAD
    0x08005448   0x08005448   0x0000002a   Code   RO         2723    .text.osKernelInitialize  cmsis_os2.o
    0x08005472   0x08005472   0x00000006   PAD
    0x08005478   0x08005478   0x00000034   Code   RO         2729    .text.osKernelStart  cmsis_os2.o
    0x080054ac   0x080054ac   0x00000004   PAD
    0x080054b0   0x080054b0   0x000000b6   Code   RO         2753    .text.osThreadNew   cmsis_os2.o
    0x08005566   0x08005566   0x00000002   PAD
    0x08005568   0x08005568   0x00000080   Code   RO         2515    .text.prvAddCurrentTaskToDelayedList  tasks.o
    0x080055e8   0x080055e8   0x000000ac   Code   RO         2501    .text.prvAddNewTaskToReadyList  tasks.o
    0x08005694   0x08005694   0x00000004   PAD
    0x08005698   0x08005698   0x0000007c   Code   RO         2652    .text.prvCheckForValidListAndQueue  timers.o
    0x08005714   0x08005714   0x00000004   PAD
    0x08005718   0x08005718   0x0000004e   Code   RO         2619    .text.prvCheckTasksWaitingTermination  tasks.o
    0x08005766   0x08005766   0x00000002   PAD
    0x08005768   0x08005768   0x00000026   Code   RO         2392    .text.prvCopyDataFromQueue  queue.o
    0x0800578e   0x0800578e   0x00000002   PAD
    0x08005790   0x08005790   0x00000080   Code   RO         2380    .text.prvCopyDataToQueue  queue.o
    0x08005810   0x08005810   0x00000032   Code   RO         2507    .text.prvDeleteTCB  tasks.o
    0x08005842   0x08005842   0x00000006   PAD
    0x08005848   0x08005848   0x00000022   Code   RO         2690    .text.prvGetNextExpireTime  timers.o
    0x0800586a   0x0800586a   0x00000006   PAD
    0x08005870   0x08005870   0x00000074   Code   RO         2903    .text.prvHeapInit   heap_4.o
    0x080058e4   0x080058e4   0x00000004   PAD
    0x080058e8   0x080058e8   0x0000002a   Code   RO         2541    .text.prvIdleTask   tasks.o
    0x08005912   0x08005912   0x00000006   PAD
    0x08005918   0x08005918   0x00000020   Code   RO         2354    .text.prvInitialiseNewQueue  queue.o
    0x08005938   0x08005938   0x0000009a   Code   RO         2499    .text.prvInitialiseNewTask  tasks.o
    0x080059d2   0x080059d2   0x00000006   PAD
    0x080059d8   0x080059d8   0x00000070   Code   RO         2617    .text.prvInitialiseTaskLists  tasks.o
    0x08005a48   0x08005a48   0x0000005e   Code   RO         2905    .text.prvInsertBlockIntoFreeList  heap_4.o
    0x08005aa6   0x08005aa6   0x00000002   PAD
    0x08005aa8   0x08005aa8   0x00000040   Code   RO         2702    .text.prvInsertTimerInActiveList  timers.o
    0x08005ae8   0x08005ae8   0x00000018   Code   RO         2394    .text.prvIsQueueEmpty  queue.o
    0x08005b00   0x08005b00   0x0000001c   Code   RO         2382    .text.prvIsQueueFull  queue.o
    0x08005b1c   0x08005b1c   0x00000004   PAD
    0x08005b20   0x08005b20   0x00000028   Code   RO         2945    .text.prvPortStartFirstTask  port.o
    0x08005b48   0x08005b48   0x0000006e   Code   RO         2698    .text.prvProcessExpiredTimer  timers.o
    0x08005bb6   0x08005bb6   0x00000002   PAD
    0x08005bb8   0x08005bb8   0x00000122   Code   RO         2694    .text.prvProcessReceivedCommands  timers.o
    0x08005cda   0x08005cda   0x00000006   PAD
    0x08005ce0   0x08005ce0   0x00000080   Code   RO         2692    .text.prvProcessTimerOrBlockTask  timers.o
    0x08005d60   0x08005d60   0x00000028   Code   RO         2509    .text.prvResetNextTaskUnblockTime  tasks.o
    0x08005d88   0x08005d88   0x0000002a   Code   RO         2696    .text.prvSampleTimeNow  timers.o
    0x08005db2   0x08005db2   0x00000006   PAD
    0x08005db8   0x08005db8   0x0000008e   Code   RO         2700    .text.prvSwitchTimerLists  timers.o
    0x08005e46   0x08005e46   0x00000002   PAD
    0x08005e48   0x08005e48   0x00000032   Code   RO         2935    .text.prvTaskExitError  port.o
    0x08005e7a   0x08005e7a   0x00000006   PAD
    0x08005e80   0x08005e80   0x00000016   Code   RO         2654    .text.prvTimerTask  timers.o
    0x08005e96   0x08005e96   0x00000002   PAD
    0x08005e98   0x08005e98   0x00000078   Code   RO         2384    .text.prvUnlockQueue  queue.o
    0x08005f10   0x08005f10   0x00000134   Code   RO         2901    .text.pvPortMalloc  heap_4.o
    0x08006044   0x08006044   0x00000004   PAD
    0x08006048   0x08006048   0x0000002c   Code   RO         2933    .text.pxPortInitialiseStack  port.o
    0x08006074   0x08006074   0x00000004   PAD
    0x08006078   0x08006078   0x00000028   Code   RO         2340    .text.uxListRemove  list.o
    0x080060a0   0x080060a0   0x0000001a   Code   RO         2881    .text.vApplicationGetIdleTaskMemory  cmsis_os2.o
    0x080060ba   0x080060ba   0x00000006   PAD
    0x080060c0   0x080060c0   0x0000001c   Code   RO         2883    .text.vApplicationGetTimerTaskMemory  cmsis_os2.o
    0x080060dc   0x080060dc   0x00000004   PAD
    0x080060e0   0x080060e0   0x00000016   Code   RO         2332    .text.vListInitialise  list.o
    0x080060f6   0x080060f6   0x00000002   PAD
    0x080060f8   0x080060f8   0x00000006   Code   RO         2334    .text.vListInitialiseItem  list.o
    0x080060fe   0x080060fe   0x00000002   PAD
    0x08006100   0x08006100   0x0000003a   Code   RO         2338    .text.vListInsert   list.o
    0x0800613a   0x0800613a   0x00000006   PAD
    0x08006140   0x08006140   0x0000001c   Code   RO         2336    .text.vListInsertEnd  list.o
    0x0800615c   0x0800615c   0x00000004   PAD
    0x08006160   0x08006160   0x00000014   Code   RO         2943    .text.vPortEnableVFP  port.o
    0x08006174   0x08006174   0x00000004   PAD
    0x08006178   0x08006178   0x0000004a   Code   RO         2949    .text.vPortEnterCritical  port.o
    0x080061c2   0x080061c2   0x00000006   PAD
    0x080061c8   0x080061c8   0x0000002e   Code   RO         2951    .text.vPortExitCritical  port.o
    0x080061f6   0x080061f6   0x00000002   PAD
    0x080061f8   0x080061f8   0x0000008a   Code   RO         2907    .text.vPortFree     heap_4.o
    0x08006282   0x08006282   0x00000006   PAD
    0x08006288   0x08006288   0x00000034   Code   RO         2941    .text.vPortSetupTimerInterrupt  port.o
    0x080062bc   0x080062bc   0x00000004   PAD
    0x080062c0   0x080062c0   0x00000062   Code   RO         2957    .text.vPortValidateInterruptPriority  port.o
    0x08006322   0x08006322   0x00000006   PAD
    0x08006328   0x08006328   0x00000026   Code   RO         2424    .text.vQueueAddToRegistry  queue.o
    0x0800634e   0x0800634e   0x00000002   PAD
    0x08006350   0x08006350   0x00000044   Code   RO         2428    .text.vQueueWaitForMessageRestricted  queue.o
    0x08006394   0x08006394   0x00000004   PAD
    0x08006398   0x08006398   0x00000054   Code   RO         2519    .text.vTaskDelay    tasks.o
    0x080063ec   0x080063ec   0x00000004   PAD
    0x080063f0   0x080063f0   0x0000001a   Code   RO         2573    .text.vTaskInternalSetTimeOutState  tasks.o
    0x0800640a   0x0800640a   0x00000006   PAD
    0x08006410   0x08006410   0x0000000e   Code   RO         2577    .text.vTaskMissedYield  tasks.o
    0x0800641e   0x0800641e   0x00000002   PAD
    0x08006420   0x08006420   0x00000032   Code   RO         2561    .text.vTaskPlaceOnEventList  tasks.o
    0x08006452   0x08006452   0x00000006   PAD
    0x08006458   0x08006458   0x0000003e   Code   RO         2565    .text.vTaskPlaceOnEventListRestricted  tasks.o
    0x08006496   0x08006496   0x00000002   PAD
    0x08006498   0x08006498   0x000000a8   Code   RO         2539    .text.vTaskStartScheduler  tasks.o
    0x08006540   0x08006540   0x00000010   Code   RO         2513    .text.vTaskSuspendAll  tasks.o
    0x08006550   0x08006550   0x0000009a   Code   RO         2531    .text.vTaskSwitchContext  tasks.o
    0x080065ea   0x080065ea   0x00000006   PAD
    0x080065f0   0x080065f0   0x00000116   Code   RO         2939    .text.xPortStartScheduler  port.o
    0x08006706   0x08006706   0x00000002   PAD
    0x08006708   0x08006708   0x0000002e   Code   RO         2955    .text.xPortSysTickHandler  port.o
    0x08006736   0x08006736   0x00000002   PAD
    0x08006738   0x08006738   0x00000096   Code   RO         2352    .text.xQueueGenericCreateStatic  queue.o
    0x080067ce   0x080067ce   0x00000002   PAD
    0x080067d0   0x080067d0   0x00000082   Code   RO         2350    .text.xQueueGenericReset  queue.o
    0x08006852   0x08006852   0x00000006   PAD
    0x08006858   0x08006858   0x000001a2   Code   RO         2370    .text.xQueueGenericSend  queue.o
    0x080069fa   0x080069fa   0x00000006   PAD
    0x08006a00   0x08006a00   0x000000cc   Code   RO         2386    .text.xQueueGenericSendFromISR  queue.o
    0x08006acc   0x08006acc   0x00000004   PAD
    0x08006ad0   0x08006ad0   0x00000180   Code   RO         2390    .text.xQueueReceive  queue.o
    0x08006c50   0x08006c50   0x00000088   Code   RO         2575    .text.xTaskCheckForTimeOut  tasks.o
    0x08006cd8   0x08006cd8   0x00000066   Code   RO         2503    .text.xTaskCreate   tasks.o
    0x08006d3e   0x08006d3e   0x00000002   PAD
    0x08006d40   0x08006d40   0x0000007a   Code   RO         2497    .text.xTaskCreateStatic  tasks.o
    0x08006dba   0x08006dba   0x00000006   PAD
    0x08006dc0   0x08006dc0   0x00000024   Code   RO         2591    .text.xTaskGetSchedulerState  tasks.o
    0x08006de4   0x08006de4   0x00000004   PAD
    0x08006de8   0x08006de8   0x0000000c   Code   RO         2547    .text.xTaskGetTickCount  tasks.o
    0x08006df4   0x08006df4   0x00000004   PAD
    0x08006df8   0x08006df8   0x00000152   Code   RO         2545    .text.xTaskIncrementTick  tasks.o
    0x08006f4a   0x08006f4a   0x00000006   PAD
    0x08006f50   0x08006f50   0x00000092   Code   RO         2595    .text.xTaskPriorityDisinherit  tasks.o
    0x08006fe2   0x08006fe2   0x00000006   PAD
    0x08006fe8   0x08006fe8   0x0000008e   Code   RO         2567    .text.xTaskRemoveFromEventList  tasks.o
    0x08007076   0x08007076   0x00000002   PAD
    0x08007078   0x08007078   0x00000114   Code   RO         2517    .text.xTaskResumeAll  tasks.o
    0x0800718c   0x0800718c   0x00000004   PAD
    0x08007190   0x08007190   0x00000080   Code   RO         2650    .text.xTimerCreateTimerTask  timers.o
    0x08007210   0x08007210   0x00000066   Code   RO         2662    .text.xTimerGenericCommand  timers.o
    0x08007276   0x08007276   0x0000001a   Code   RO         3098    x$fpl$fpinit        fz_wv.l(fpinit.o)
    0x08007290   0x08007290   0x00000010   Data   RO         2283    .rodata.D1CorePrescTable  system_stm32h7xx.o
    0x080072a0   0x080072a0   0x00000018   Data   RO         2227    .rodata.UARTPrescTable  stm32h7xx_hal_uart.o
    0x080072b8   0x080072b8   0x00000010   Data   RO         2270    .rodata.cst8        stm32h7xx_hal_uart_ex.o
    0x080072c8   0x080072c8   0x00000024   Data   RO           44    .rodata.defaultTask_attributes  freertos.o
    0x080072ec   0x080072ec   0x0000000c   Data   RO           43    .rodata.str1.1      freertos.o
    0x080072f8   0x080072f8   0x00000020   Data   RO         3159    Region$$Table       anon$$obj.o


    Execution Region RW_IRAM1 (Exec base: 0x20000000, Load base: 0x08007318, Size: 0x00000000, Max: 0x00020000, ABSOLUTE)

    **** No section assigned to this execution region ****


    Execution Region RW_IRAM2 (Exec base: 0x24000000, Load base: 0x08007318, Size: 0x00005568, Max: 0x00080000, ABSOLUTE)

    Exec Addr    Load Addr    Size         Type   Attr      Idx    E Section Name        Object

    0x24000000   0x08007318   0x00000060   Data   RW           61    .RxDecripSection    eth.o
    0x24000060   0x08007378   0x00000060   Data   RW           60    .TxDecripSection    eth.o
    0x240000c0   0x080073d8   0x00000008   Data   RW          835    .data..L_MergedGlobals  stm32h7xx_hal.o
    0x240000c8   0x080073e0   0x00000008   Data   RW         2284    .data..L_MergedGlobals  system_stm32h7xx.o
    0x240000d0   0x080073e8   0x00000004   Data   RW         2961    .data.uxCriticalNesting  port.o
    0x240000d4   0x080073ec   0x00000004   PAD
    0x240000d8        -       0x00000060   Zero   RW         3026    .bss                c_w.l(libspace.o)
    0x24000138        -       0x00000040   Zero   RW           63    .bss..L_MergedGlobals  eth.o
    0x24000178        -       0x00000001   Zero   RW           79    .bss.FMC_Initialized  fmc.o
    0x24000179   0x080073ec   0x00000003   PAD
    0x2400017c        -       0x00000004   Zero   RW         2887    .bss.KernelState    cmsis_os2.o
    0x24000180        -       0x00000004   Zero   RW           45    .bss.defaultTaskHandle  freertos.o
    0x24000184        -       0x000000b0   Zero   RW           59    .bss.heth           eth.o
    0x24000234        -       0x00000054   Zero   RW           95    .bss.hi2c4          i2c.o
    0x24000288        -       0x0000004c   Zero   RW          110    .bss.hqspi          quadspi.o
    0x240002d4        -       0x0000007c   Zero   RW          125    .bss.hsd1           sdmmc.o
    0x24000350        -       0x00000034   Zero   RW           78    .bss.hsdram1        fmc.o
    0x24000384        -       0x00000088   Zero   RW          140    .bss.hspi1          spi.o
    0x2400040c        -       0x0000004c   Zero   RW          214    .bss.htim17         stm32h7xx_hal_timebase_tim.o
    0x24000458        -       0x00000094   Zero   RW          159    .bss.huart1         usart.o
    0x240004ec        -       0x00000094   Zero   RW          160    .bss.huart2         usart.o
    0x24000580        -       0x00000094   Zero   RW          161    .bss.huart6         usart.o
    0x24000614        -       0x000000a0   Zero   RW         2712    .bss.prvCheckForValidListAndQueue.ucStaticTimerQueueStorage  timers.o
    0x240006b4        -       0x00000050   Zero   RW         2711    .bss.prvCheckForValidListAndQueue.xStaticTimerQueue  timers.o
    0x24000704        -       0x00000004   Zero   RW         2708    .bss.prvSampleTimeNow.xLastTime  timers.o
    0x24000708        -       0x00000004   Zero   RW         2621    .bss.pxCurrentTCB   tasks.o
    0x2400070c        -       0x00000004   Zero   RW         2706    .bss.pxCurrentTimerList  timers.o
    0x24000710        -       0x00000004   Zero   RW         2629    .bss.pxDelayedTaskList  tasks.o
    0x24000714        -       0x00000004   Zero   RW         2917    .bss.pxEnd          heap_4.o
    0x24000718        -       0x00000004   Zero   RW         2630    .bss.pxOverflowDelayedTaskList  tasks.o
    0x2400071c        -       0x00000004   Zero   RW         2707    .bss.pxOverflowTimerList  timers.o
    0x24000720        -       0x00000460   Zero   RW         2632    .bss.pxReadyTasksLists  tasks.o
    0x24000b80        -       0x00003c00   Zero   RW         2924    .bss.ucHeap         heap_4.o
    0x24004780        -       0x00000001   Zero   RW         2959    .bss.ucMaxSysCallPriority  port.o
    0x24004781   0x080073ec   0x00000003   PAD
    0x24004784        -       0x00000004   Zero   RW         2960    .bss.ulMaxPRIGROUPValue  port.o
    0x24004788        -       0x00000004   Zero   RW          834    .bss.uwTick         stm32h7xx_hal.o
    0x2400478c        -       0x00000004   Zero   RW         2625    .bss.uxCurrentNumberOfTasks  tasks.o
    0x24004790        -       0x00000004   Zero   RW         2624    .bss.uxDeletedTasksWaitingCleanUp  tasks.o
    0x24004794        -       0x00000004   Zero   RW         2627    .bss.uxSchedulerSuspended  tasks.o
    0x24004798        -       0x00000004   Zero   RW         2622    .bss.uxTaskNumber   tasks.o
    0x2400479c        -       0x00000004   Zero   RW         2633    .bss.uxTopReadyPriority  tasks.o
    0x240047a0        -       0x00000200   Zero   RW         2890    .bss.vApplicationGetIdleTaskMemory.Idle_Stack  cmsis_os2.o
    0x240049a0        -       0x0000005c   Zero   RW         2889    .bss.vApplicationGetIdleTaskMemory.Idle_TCB  cmsis_os2.o
    0x240049fc        -       0x00000400   Zero   RW         2892    .bss.vApplicationGetTimerTaskMemory.Timer_Stack  cmsis_os2.o
    0x24004dfc        -       0x0000005c   Zero   RW         2891    .bss.vApplicationGetTimerTaskMemory.Timer_TCB  cmsis_os2.o
    0x24004e58        -       0x00000014   Zero   RW         2709    .bss.xActiveTimerList1  timers.o
    0x24004e6c        -       0x00000014   Zero   RW         2710    .bss.xActiveTimerList2  timers.o
    0x24004e80        -       0x00000001   Zero   RW         2918    .bss.xBlockAllocatedBit  heap_4.o
    0x24004e81   0x080073ec   0x00000003   PAD
    0x24004e84        -       0x00000014   Zero   RW         2640    .bss.xDelayedTaskList1  tasks.o
    0x24004e98        -       0x00000014   Zero   RW         2641    .bss.xDelayedTaskList2  tasks.o
    0x24004eac        -       0x00000004   Zero   RW         2919    .bss.xFreeBytesRemaining  heap_4.o
    0x24004eb0        -       0x00000004   Zero   RW         2635    .bss.xIdleTaskHandle  tasks.o
    0x24004eb4        -       0x00000004   Zero   RW         2921    .bss.xMinimumEverFreeBytesRemaining  heap_4.o
    0x24004eb8        -       0x00000004   Zero   RW         2636    .bss.xNextTaskUnblockTime  tasks.o
    0x24004ebc        -       0x00000004   Zero   RW         2639    .bss.xNumOfOverflows  tasks.o
    0x24004ec0        -       0x00000004   Zero   RW         2922    .bss.xNumberOfSuccessfulAllocations  heap_4.o
    0x24004ec4        -       0x00000004   Zero   RW         2923    .bss.xNumberOfSuccessfulFrees  heap_4.o
    0x24004ec8        -       0x00000004   Zero   RW         2638    .bss.xPendedTicks   tasks.o
    0x24004ecc        -       0x00000014   Zero   RW         2634    .bss.xPendingReadyList  tasks.o
    0x24004ee0        -       0x00000040   Zero   RW         2430    .bss.xQueueRegistry  queue.o
    0x24004f20        -       0x00000004   Zero   RW         2626    .bss.xSchedulerRunning  tasks.o
    0x24004f24        -       0x00000008   Zero   RW         2920    .bss.xStart         heap_4.o
    0x24004f2c        -       0x00000014   Zero   RW         2631    .bss.xSuspendedTaskList  tasks.o
    0x24004f40        -       0x00000014   Zero   RW         2623    .bss.xTasksWaitingTermination  tasks.o
    0x24004f54        -       0x00000004   Zero   RW         2628    .bss.xTickCount     tasks.o
    0x24004f58        -       0x00000004   Zero   RW         2704    .bss.xTimerQueue    timers.o
    0x24004f5c        -       0x00000004   Zero   RW         2705    .bss.xTimerTaskHandle  timers.o
    0x24004f60        -       0x00000004   Zero   RW         2637    .bss.xYieldPending  tasks.o
    0x24004f64   0x080073ec   0x00000004   PAD
    0x24004f68        -       0x00000200   Zero   RW            2    HEAP                startup_stm32h750xx.o
    0x24005168        -       0x00000400   Zero   RW            1    STACK               startup_stm32h750xx.o


==============================================================================

Image component sizes


      Code (inc. data)   RO Data    RW Data    ZI Data      Debug   Object Name

       410          0          0          0       1724      46241   cmsis_os2.o
       332         40          0        192        240       9955   eth.o
       276         24          0          0         53       6603   fmc.o
        40         12         48          0          4       2528   freertos.o
       292         12          0          0          0       3032   gpio.o
       656          0          0          0      15389       4777   heap_4.o
       216         16          0          0         84       7917   i2c.o
       154          0          0          0          0       2170   list.o
       486         20          0          0          0       9762   main.o
       884         16          0          4          5       3971   port.o
       328         24          0          0         76       6362   quadspi.o
      1762          0          0          0         64      22293   queue.o
       212         20          0          0        124       5080   sdmmc.o
       244         20          0          0        136       6586   spi.o
        64         26        664          0       1536        808   startup_stm32h750xx.o
       184         32          0          8          4      14856   stm32h7xx_hal.o
       152         20          0          0          0      12499   stm32h7xx_hal_cortex.o
      1136         60          0          0          0      28869   stm32h7xx_hal_eth.o
       400         16          0          0          0       6998   stm32h7xx_hal_gpio.o
       176          4          0          0          0      40300   stm32h7xx_hal_i2c.o
       146          0          0          0          0       7326   stm32h7xx_hal_i2c_ex.o
        40          4          0          0          0       5322   stm32h7xx_hal_msp.o
        72          4          0          0          0      10424   stm32h7xx_hal_pwr_ex.o
       242          8          0          0          0      17051   stm32h7xx_hal_qspi.o
      2268         64          0          0          0      11203   stm32h7xx_hal_rcc.o
      4404        252          0          0          0      17971   stm32h7xx_hal_rcc_ex.o
      2206         48          0          0          0      23883   stm32h7xx_hal_sd.o
        80          4          0          0          0      11837   stm32h7xx_hal_sdram.o
       404          8          0          0          0      20486   stm32h7xx_hal_spi.o
       774         64          0          0          0      47863   stm32h7xx_hal_tim.o
         6          0          0          0          0      20756   stm32h7xx_hal_tim_ex.o
       136         20          0          0         76       9736   stm32h7xx_hal_timebase_tim.o
      1594        142         24          0          0      34001   stm32h7xx_hal_uart.o
       270          8         16          0          0      10203   stm32h7xx_hal_uart_ex.o
        24          4          0          0          0        837   stm32h7xx_it.o
       302         16          0          0          0       8507   stm32h7xx_ll_fmc.o
      1496         32          0          0          0      14542   stm32h7xx_ll_sdmmc.o
       176         40         16          8          0       5758   system_stm32h7xx.o
      2660          8          0          0       1280      30000   tasks.o
      1186         26          0          0        300      14538   timers.o
       604         36          0          0        444       7098   usart.o
         2          0          0          0          0        334   usb_otg.o

    ----------------------------------------------------------------------
     27784       1178        800        212      21556     571283   Object Totals
         0          0         32          0          0          0   (incl. Generated)
       288         28          0          0         17          0   (incl. Padding)

    ----------------------------------------------------------------------

      Code (inc. data)   RO Data    RW Data    ZI Data      Debug   Library Member Name

         8          0          0          0          0         68   __main.o
         0          0          0          0          0          0   __rtentry.o
        12          0          0          0          0          0   __rtentry2.o
         6          0          0          0          0          0   __rtentry4.o
        52          8          0          0          0          0   __scatter.o
        26          0          0          0          0          0   __scatter_copy.o
        28          0          0          0          0          0   __scatter_zi.o
        16          0          0          0          0         68   aeabi_memset4.o
        18          0          0          0          0         80   exit.o
         6          0          0          0          0        152   heapauxi.o
         0          0          0          0          0          0   indicate_semi.o
         2          0          0          0          0          0   libinit.o
         6          0          0          0          0          0   libinit2.o
         2          0          0          0          0          0   libshutdown.o
         2          0          0          0          0          0   libshutdown2.o
         8          4          0          0         96         68   libspace.o
       240          0          0          0          0        100   lludivv7m.o
        78          0          0          0          0         80   rt_memclr_w.o
       138          0          0          0          0         68   rt_memcpy_v6.o
       100          0          0          0          0         80   rt_memcpy_w.o
         2          0          0          0          0          0   rtexit.o
        10          0          0          0          0          0   rtexit2.o
        12          4          0          0          0         68   sys_exit.o
        74          0          0          0          0         80   sys_stackheap_outer.o
         2          0          0          0          0         68   use_no_semi.o
        26          0          0          0          0        116   fpinit.o

    ----------------------------------------------------------------------
       880         16          0          0         96       1096   Library Totals
         6          0          0          0          0          0   (incl. Padding)

    ----------------------------------------------------------------------

      Code (inc. data)   RO Data    RW Data    ZI Data      Debug   Library Name

       848         16          0          0         96        980   c_w.l
        26          0          0          0          0        116   fz_wv.l

    ----------------------------------------------------------------------
       880         16          0          0         96       1096   Library Totals

    ----------------------------------------------------------------------

==============================================================================


      Code (inc. data)   RO Data    RW Data    ZI Data      Debug   

     28664       1194        800        212      21652     571323   Grand Totals
     28664       1194        800        212      21652     571323   ELF Image Totals
     28664       1194        800        212          0          0   ROM Totals

==============================================================================

    Total RO  Size (Code + RO Data)                29464 (  28.77kB)
    Total RW  Size (RW Data + ZI Data)             21864 (  21.35kB)
    Total ROM Size (Code + RO Data + RW Data)      29676 (  28.98kB)

==============================================================================

